ARM Linker, 5.03 [Build 76] [MDK-ARM Lite]

==============================================================================

Section Cross References

    startup_stm32f40xx.o(STACK) refers (Special) to heapauxi.o(.text) for __use_two_region_memory
    startup_stm32f40xx.o(HEAP) refers (Special) to heapauxi.o(.text) for __use_two_region_memory
    startup_stm32f40xx.o(RESET) refers (Special) to heapauxi.o(.text) for __use_two_region_memory
    startup_stm32f40xx.o(RESET) refers to startup_stm32f40xx.o(STACK) for __initial_sp
    startup_stm32f40xx.o(RESET) refers to startup_stm32f40xx.o(.text) for Reset_Handler
    startup_stm32f40xx.o(RESET) refers to main.o(.text) for SysTick_Handler
    startup_stm32f40xx.o(.text) refers (Special) to heapauxi.o(.text) for __use_two_region_memory
    startup_stm32f40xx.o(.text) refers to system_stm32f4xx.o(.text) for SystemInit
    startup_stm32f40xx.o(.text) refers to __main.o(!!!main) for __main
    startup_stm32f40xx.o(.text) refers to startup_stm32f40xx.o(HEAP) for Heap_Mem
    startup_stm32f40xx.o(.text) refers to startup_stm32f40xx.o(STACK) for Stack_Mem
    fputc_debug.o(.rev16_text) refers (Special) to use_no_semi.o(.text) for __use_no_semihosting_swi
    fputc_debug.o(.revsh_text) refers (Special) to use_no_semi.o(.text) for __use_no_semihosting_swi
    fputc_debug.o(.text) refers (Special) to use_no_semi.o(.text) for __use_no_semihosting_swi
    fputc_debug.o(.data) refers (Special) to use_no_semi.o(.text) for __use_no_semihosting_swi
    main.o(.text) refers to _printf_percent.o(.ARM.Collect$$_printf_percent$$00000000) for _printf_percent
    main.o(.text) refers to _printf_f.o(.ARM.Collect$$_printf_percent$$00000003) for _printf_f
    main.o(.text) refers to printf1.o(x$fpl$printf1) for _printf_fp_dec
    main.o(.text) refers to stm32f4xx_gpio.o(.text) for GPIO_ReadInputDataBit
    main.o(.text) refers to gpio_init.o(.text) for init_pushbutton
    main.o(.text) refers to lab2_temp.o(.text) for init_temp_reader
    main.o(.text) refers to lab2_pwm.o(.text) for init_pwm
    main.o(.text) refers to f2d.o(x$fpl$f2d) for __aeabi_f2d
    main.o(.text) refers to noretval__2printf.o(.text) for __2printf
    main.o(.text) refers to main.o(.data) for button_count
    main.o(.text) refers to system_stm32f4xx.o(.data) for SystemCoreClock
    system_stm32f4xx.o(.text) refers to system_stm32f4xx.o(.data) for SystemCoreClock
    gpio_init.o(.text) refers to stm32f4xx_rcc.o(.text) for RCC_AHB1PeriphClockCmd
    gpio_init.o(.text) refers to stm32f4xx_gpio.o(.text) for GPIO_StructInit
    gpio_init.o(.text) refers to stm32f4xx_adc.o(.text) for ADC_CommonInit
    lab2_filter.o(.text) refers to f2d.o(x$fpl$f2d) for __aeabi_f2d
    lab2_filter.o(.text) refers to daddsub_clz.o(x$fpl$dadd) for __aeabi_dadd
    lab2_filter.o(.text) refers to ddiv.o(x$fpl$ddiv) for __aeabi_ddiv
    lab2_filter.o(.text) refers to d2f.o(x$fpl$d2f) for __aeabi_d2f
    lab2_pwm.o(.text) refers to stm32f4xx_gpio.o(.text) for GPIO_Write
    lab2_pwm.o(.text) refers to dflt_clz.o(x$fpl$dfltu) for __aeabi_ui2d
    lab2_pwm.o(.text) refers to pow.o(i.__hardfp_pow) for __hardfp_pow
    lab2_pwm.o(.text) refers to ddiv.o(x$fpl$ddiv) for __aeabi_ddiv
    lab2_pwm.o(.text) refers to d2f.o(x$fpl$d2f) for __aeabi_d2f
    lab2_temp.o(.text) refers to stm32f4xx_gpio.o(.text) for GPIO_Write
    lab2_temp.o(.text) refers to rt_memcpy_w.o(.text) for __aeabi_memcpy4
    lab2_temp.o(.text) refers to lab2_filter.o(.text) for init_moving_average
    lab2_temp.o(.text) refers to stm32f4xx_adc.o(.text) for ADC_SoftwareStartConv
    stm32f4xx_adc.o(.text) refers to stm32f4xx_rcc.o(.text) for RCC_APB2PeriphResetCmd
    stm32f4xx_can.o(.text) refers to stm32f4xx_rcc.o(.text) for RCC_APB1PeriphResetCmd
    stm32f4xx_cryp.o(.text) refers to stm32f4xx_rcc.o(.text) for RCC_AHB2PeriphResetCmd
    stm32f4xx_cryp_aes.o(.text) refers to stm32f4xx_cryp.o(.text) for CRYP_KeyStructInit
    stm32f4xx_cryp_des.o(.text) refers to stm32f4xx_cryp.o(.text) for CRYP_KeyStructInit
    stm32f4xx_cryp_tdes.o(.text) refers to stm32f4xx_cryp.o(.text) for CRYP_KeyStructInit
    stm32f4xx_dac.o(.text) refers to stm32f4xx_rcc.o(.text) for RCC_APB1PeriphResetCmd
    stm32f4xx_gpio.o(.text) refers to stm32f4xx_rcc.o(.text) for RCC_AHB1PeriphResetCmd
    stm32f4xx_hash.o(.text) refers to stm32f4xx_rcc.o(.text) for RCC_AHB2PeriphResetCmd
    stm32f4xx_hash_md5.o(.text) refers to stm32f4xx_hash.o(.text) for HASH_DeInit
    stm32f4xx_hash_sha1.o(.text) refers to stm32f4xx_hash.o(.text) for HASH_DeInit
    stm32f4xx_i2c.o(.text) refers to stm32f4xx_rcc.o(.text) for RCC_APB1PeriphResetCmd
    stm32f4xx_pwr.o(.text) refers to stm32f4xx_rcc.o(.text) for RCC_APB1PeriphResetCmd
    stm32f4xx_rcc.o(.text) refers to stm32f4xx_rcc.o(.data) for APBAHBPrescTable
    stm32f4xx_rng.o(.text) refers to stm32f4xx_rcc.o(.text) for RCC_AHB2PeriphResetCmd
    stm32f4xx_sdio.o(.text) refers to stm32f4xx_rcc.o(.text) for RCC_APB2PeriphResetCmd
[...]
    ../clib/printf_percent.s                 0x00000000   Number         0  _printf_percent_end.o ABSOLUTE
    ../clib/signal.c                         0x00000000   Number         0  defsig_cppl_inner.o ABSOLUTE
    ../clib/signal.c                         0x00000000   Number         0  defsig_pvfn_inner.o ABSOLUTE
    ../clib/signal.c                         0x00000000   Number         0  defsig_stak_inner.o ABSOLUTE
    ../clib/signal.c                         0x00000000   Number         0  defsig_rtred_inner.o ABSOLUTE
    ../clib/signal.c                         0x00000000   Number         0  defsig_other.o ABSOLUTE
    ../clib/signal.c                         0x00000000   Number         0  defsig_fpe_inner.o ABSOLUTE
    ../clib/signal.c                         0x00000000   Number         0  __raise.o ABSOLUTE
    ../clib/signal.c                         0x00000000   Number         0  defsig_rtmem_inner.o ABSOLUTE
    ../clib/signal.c                         0x00000000   Number         0  defsig_abrt_inner.o ABSOLUTE
    ../clib/signal.c                         0x00000000   Number         0  defsig_rtmem_outer.o ABSOLUTE
    ../clib/signal.c                         0x00000000   Number         0  defsig_rtmem_formal.o ABSOLUTE
    ../clib/signal.c                         0x00000000   Number         0  defsig_general.o ABSOLUTE
    ../clib/signal.c                         0x00000000   Number         0  defsig_segv_inner.o ABSOLUTE
    ../clib/signal.c                         0x00000000   Number         0  defsig_exit.o ABSOLUTE
    ../clib/signal.s                         0x00000000   Number         0  defsig.o ABSOLUTE
    ../clib/stdio.c                          0x00000000   Number         0  ferror_locked.o ABSOLUTE
    ../clib/stdio.c                          0x00000000   Number         0  ferror.o ABSOLUTE
    ../clib/stdlib.c                         0x00000000   Number         0  exit.o ABSOLUTE
    ../fplib/basic.s                         0x00000000   Number         0  basic.o ABSOLUTE
    ../fplib/d2f.s                           0x00000000   Number         0  d2f.o ABSOLUTE
    ../fplib/daddsub.s                       0x00000000   Number         0  daddsub_clz.o ABSOLUTE
    ../fplib/dcheck1.s                       0x00000000   Number         0  dcheck1.o ABSOLUTE
    ../fplib/dcmpi.s                         0x00000000   Number         0  dcmpi.o ABSOLUTE
    ../fplib/ddiv.s                          0x00000000   Number         0  ddiv.o ABSOLUTE
    ../fplib/dflt.s                          0x00000000   Number         0  dflt_clz.o ABSOLUTE
    ../fplib/dleqf.s                         0x00000000   Number         0  dleqf.o ABSOLUTE
    ../fplib/dmul.s                          0x00000000   Number         0  dmul.o ABSOLUTE
    ../fplib/dnaninf.s                       0x00000000   Number         0  dnaninf.o ABSOLUTE
    ../fplib/dretinf.s                       0x00000000   Number         0  dretinf.o ABSOLUTE
    ../fplib/drleqf.s                        0x00000000   Number         0  drleqf.o ABSOLUTE
    ../fplib/dsqrt.s                         0x00000000   Number         0  dsqrt_umaal.o ABSOLUTE
    ../fplib/f2d.s                           0x00000000   Number         0  f2d.o ABSOLUTE
    ../fplib/fnaninf.s                       0x00000000   Number         0  fnaninf.o ABSOLUTE
    ../fplib/fpinit.s                        0x00000000   Number         0  fpinit.o ABSOLUTE
    ../fplib/fretinf.s                       0x00000000   Number         0  fretinf.o ABSOLUTE
    ../fplib/istatus.s                       0x00000000   Number         0  istatus.o ABSOLUTE
    ../fplib/printf1.s                       0x00000000   Number         0  printf1.o ABSOLUTE
    ../fplib/retnan.s                        0x00000000   Number         0  retnan.o ABSOLUTE
    ../fplib/scalbn.s                        0x00000000   Number         0  scalbn.o ABSOLUTE
    ../fplib/trapv.s                         0x00000000   Number         0  trapv.o ABSOLUTE
    ../fplib/usenofp.s                       0x00000000   Number         0  usenofp.o ABSOLUTE
    ../mathlib/dunder.c                      0x00000000   Number         0  dunder.o ABSOLUTE
    ../mathlib/fabs.c                        0x00000000   Number         0  fabs.o ABSOLUTE
    ../mathlib/fpclassify.c                  0x00000000   Number         0  fpclassify.o ABSOLUTE
    ../mathlib/poly.c                        0x00000000   Number         0  poly.o ABSOLUTE
    ../mathlib/pow.c                         0x00000000   Number         0  pow_x.o ABSOLUTE
    ../mathlib/pow.c                         0x00000000   Number         0  pow.o ABSOLUTE
    ../mathlib/qnan.c                        0x00000000   Number         0  qnan.o ABSOLUTE
    ../mathlib/sqrt.c                        0x00000000   Number         0  sqrt.o ABSOLUTE
    ../mathlib/sqrt.c                        0x00000000   Number         0  sqrt_x.o ABSOLUTE
    STM32F4xx_StdPeriph_Driver\\src\\misc.c  0x00000000   Number         0  misc.o ABSOLUTE
    STM32F4xx_StdPeriph_Driver\\src\\stm32f4xx_adc.c 0x00000000   Number         0  stm32f4xx_adc.o ABSOLUTE
    STM32F4xx_StdPeriph_Driver\\src\\stm32f4xx_can.c 0x00000000   Number         0  stm32f4xx_can.o ABSOLUTE
    STM32F4xx_StdPeriph_Driver\\src\\stm32f4xx_crc.c 0x00000000   Number         0  stm32f4xx_crc.o ABSOLUTE
    STM32F4xx_StdPeriph_Driver\\src\\stm32f4xx_cryp.c 0x00000000   Number         0  stm32f4xx_cryp.o ABSOLUTE
    STM32F4xx_StdPeriph_Driver\\src\\stm32f4xx_cryp_aes.c 0x00000000   Number         0  stm32f4xx_cryp_aes.o ABSOLUTE
    STM32F4xx_StdPeriph_Driver\\src\\stm32f4xx_cryp_des.c 0x00000000   Number         0  stm32f4xx_cryp_des.o ABSOLUTE
    STM32F4xx_StdPeriph_Driver\\src\\stm32f4xx_cryp_tdes.c 0x00000000   Number         0  stm32f4xx_cryp_tdes.o ABSOLUTE
    STM32F4xx_StdPeriph_Driver\\src\\stm32f4xx_dac.c 0x00000000   Number         0  stm32f4xx_dac.o ABSOLUTE
    STM32F4xx_StdPeriph_Driver\\src\\stm32f4xx_dbgmcu.c 0x00000000   Number         0  stm32f4xx_dbgmcu.o ABSOLUTE
    STM32F4xx_StdPeriph_Driver\\src\\stm32f4xx_dcmi.c 0x00000000   Number         0  stm32f4xx_dcmi.o ABSOLUTE
    STM32F4xx_StdPeriph_Driver\\src\\stm32f4xx_dma.c 0x00000000   Number         0  stm32f4xx_dma.o ABSOLUTE
    STM32F4xx_StdPeriph_Driver\\src\\stm32f4xx_exti.c 0x00000000   Number         0  stm32f4xx_exti.o ABSOLUTE
    STM32F4xx_StdPeriph_Driver\\src\\stm32f4xx_flash.c 0x00000000   Number         0  stm32f4xx_flash.o ABSOLUTE
    STM32F4xx_StdPeriph_Driver\\src\\stm32f4xx_fsmc.c 0x00000000   Number         0  stm32f4xx_fsmc.o ABSOLUTE
    STM32F4xx_StdPeriph_Driver\\src\\stm32f4xx_gpio.c 0x00000000   Number         0  stm32f4xx_gpio.o ABSOLUTE
    STM32F4xx_StdPeriph_Driver\\src\\stm32f4xx_hash.c 0x00000000   Number         0  stm32f4xx_hash.o ABSOLUTE
    STM32F4xx_StdPeriph_Driver\\src\\stm32f4xx_hash_md5.c 0x00000000   Number         0  stm32f4xx_hash_md5.o ABSOLUTE
    STM32F4xx_StdPeriph_Driver\\src\\stm32f4xx_hash_sha1.c 0x00000000   Number         0  stm32f4xx_hash_sha1.o ABSOLUTE
    STM32F4xx_StdPeriph_Driver\\src\\stm32f4xx_i2c.c 0x00000000   Number         0  stm32f4xx_i2c.o ABSOLUTE
    STM32F4xx_StdPeriph_Driver\\src\\stm32f4xx_iwdg.c 0x00000000   Number         0  stm32f4xx_iwdg.o ABSOLUTE
    STM32F4xx_StdPeriph_Driver\\src\\stm32f4xx_pwr.c 0x00000000   Number         0  stm32f4xx_pwr.o ABSOLUTE
    STM32F4xx_StdPeriph_Driver\\src\\stm32f4xx_rcc.c 0x00000000   Number         0  stm32f4xx_rcc.o ABSOLUTE
    STM32F4xx_StdPeriph_Driver\\src\\stm32f4xx_rng.c 0x00000000   Number         0  stm32f4xx_rng.o ABSOLUTE
    STM32F4xx_StdPeriph_Driver\\src\\stm32f4xx_rtc.c 0x00000000   Number         0  stm32f4xx_rtc.o ABSOLUTE
    STM32F4xx_StdPeriph_Driver\\src\\stm32f4xx_sdio.c 0x00000000   Number         0  stm32f4xx_sdio.o ABSOLUTE
    STM32F4xx_StdPeriph_Driver\\src\\stm32f4xx_spi.c 0x00000000   Number         0  stm32f4xx_spi.o ABSOLUTE
    STM32F4xx_StdPeriph_Driver\\src\\stm32f4xx_syscfg.c 0x00000000   Number         0  stm32f4xx_syscfg.o ABSOLUTE
    STM32F4xx_StdPeriph_Driver\\src\\stm32f4xx_tim.c 0x00000000   Number         0  stm32f4xx_tim.o ABSOLUTE
    STM32F4xx_StdPeriph_Driver\\src\\stm32f4xx_usart.c 0x00000000   Number         0  stm32f4xx_usart.o ABSOLUTE
    STM32F4xx_StdPeriph_Driver\\src\\stm32f4xx_wwdg.c 0x00000000   Number         0  stm32f4xx_wwdg.o ABSOLUTE
    STM32F4xx_StdPeriph_Driver\src\misc.c    0x00000000   Number         0  misc.o ABSOLUTE
    STM32F4xx_StdPeriph_Driver\src\stm32f4xx_adc.c 0x00000000   Number         0  stm32f4xx_adc.o ABSOLUTE
    STM32F4xx_StdPeriph_Driver\src\stm32f4xx_can.c 0x00000000   Number         0  stm32f4xx_can.o ABSOLUTE
    STM32F4xx_StdPeriph_Driver\src\stm32f4xx_crc.c 0x00000000   Number         0  stm32f4xx_crc.o ABSOLUTE
    STM32F4xx_StdPeriph_Driver\src\stm32f4xx_cryp.c 0x00000000   Number         0  stm32f4xx_cryp.o ABSOLUTE
    STM32F4xx_StdPeriph_Driver\src\stm32f4xx_cryp_aes.c 0x00000000   Number         0  stm32f4xx_cryp_aes.o ABSOLUTE
    STM32F4xx_StdPeriph_Driver\src\stm32f4xx_cryp_des.c 0x00000000   Number         0  stm32f4xx_cryp_des.o ABSOLUTE
    STM32F4xx_StdPeriph_Driver\src\stm32f4xx_cryp_tdes.c 0x00000000   Number         0  stm32f4xx_cryp_tdes.o ABSOLUTE
    STM32F4xx_StdPeriph_Driver\src\stm32f4xx_dac.c 0x00000000   Number         0  stm32f4xx_dac.o ABSOLUTE
    STM32F4xx_StdPeriph_Driver\src\stm32f4xx_dbgmcu.c 0x00000000   Number         0  stm32f4xx_dbgmcu.o ABSOLUTE
    STM32F4xx_StdPeriph_Driver\src\stm32f4xx_dcmi.c 0x00000000   Number         0  stm32f4xx_dcmi.o ABSOLUTE
    STM32F4xx_StdPeriph_Driver\src\stm32f4xx_dma.c 0x00000000   Number         0  stm32f4xx_dma.o ABSOLUTE
    STM32F4xx_StdPeriph_Driver\src\stm32f4xx_exti.c 0x00000000   Number         0  stm32f4xx_exti.o ABSOLUTE
    STM32F4xx_StdPeriph_Driver\src\stm32f4xx_flash.c 0x00000000   Number         0  stm32f4xx_flash.o ABSOLUTE
    STM32F4xx_StdPeriph_Driver\src\stm32f4xx_fsmc.c 0x00000000   Number         0  stm32f4xx_fsmc.o ABSOLUTE
    STM32F4xx_StdPeriph_Driver\src\stm32f4xx_gpio.c 0x00000000   Number         0  stm32f4xx_gpio.o ABSOLUTE
    STM32F4xx_StdPeriph_Driver\src\stm32f4xx_hash.c 0x00000000   Number         0  stm32f4xx_hash.o ABSOLUTE
    STM32F4xx_StdPeriph_Driver\src\stm32f4xx_hash_md5.c 0x00000000   Number         0  stm32f4xx_hash_md5.o ABSOLUTE
    STM32F4xx_StdPeriph_Driver\src\stm32f4xx_hash_sha1.c 0x00000000   Number         0  stm32f4xx_hash_sha1.o ABSOLUTE
    STM32F4xx_StdPeriph_Driver\src\stm32f4xx_i2c.c 0x00000000   Number         0  stm32f4xx_i2c.o ABSOLUTE
    STM32F4xx_StdPeriph_Driver\src\stm32f4xx_iwdg.c 0x00000000   Number         0  stm32f4xx_iwdg.o ABSOLUTE
    STM32F4xx_StdPeriph_Driver\src\stm32f4xx_pwr.c 0x00000000   Number         0  stm32f4xx_pwr.o ABSOLUTE
    STM32F4xx_StdPeriph_Driver\src\stm32f4xx_rcc.c 0x00000000   Number         0  stm32f4xx_rcc.o ABSOLUTE
    STM32F4xx_StdPeriph_Driver\src\stm32f4xx_rng.c 0x00000000   Number         0  stm32f4xx_rng.o ABSOLUTE
    STM32F4xx_StdPeriph_Driver\src\stm32f4xx_rtc.c 0x00000000   Number         0  stm32f4xx_rtc.o ABSOLUTE
    STM32F4xx_StdPeriph_Driver\src\stm32f4xx_sdio.c 0x00000000   Number         0  stm32f4xx_sdio.o ABSOLUTE
    STM32F4xx_StdPeriph_Driver\src\stm32f4xx_spi.c 0x00000000   Number         0  stm32f4xx_spi.o ABSOLUTE
    STM32F4xx_StdPeriph_Driver\src\stm32f4xx_syscfg.c 0x00000000   Number         0  stm32f4xx_syscfg.o ABSOLUTE
    STM32F4xx_StdPeriph_Driver\src\stm32f4xx_tim.c 0x00000000   Number         0  stm32f4xx_tim.o ABSOLUTE
    STM32F4xx_StdPeriph_Driver\src\stm32f4xx_usart.c 0x00000000   Number         0  stm32f4xx_usart.o ABSOLUTE
    STM32F4xx_StdPeriph_Driver\src\stm32f4xx_wwdg.c 0x00000000   Number         0  stm32f4xx_wwdg.o ABSOLUTE
    dc.s                                     0x00000000   Number         0  dc.o ABSOLUTE
    src\\fputc_debug.c                       0x00000000   Number         0  fputc_debug.o ABSOLUTE
    src\\gpio_init.c                         0x00000000   Number         0  gpio_init.o ABSOLUTE
    src\\lab2_filter.c                       0x00000000   Number         0  lab2_filter.o ABSOLUTE
    src\\lab2_pwm.c                          0x00000000   Number         0  lab2_pwm.o ABSOLUTE
    src\\lab2_temp.c                         0x00000000   Number         0  lab2_temp.o ABSOLUTE
    src\\main.c                              0x00000000   Number         0  main.o ABSOLUTE
    src\\system_stm32f4xx.c                  0x00000000   Number         0  system_stm32f4xx.o ABSOLUTE
    src\fputc_debug.c                        0x00000000   Number         0  fputc_debug.o ABSOLUTE
    src\gpio_init.c                          0x00000000   Number         0  gpio_init.o ABSOLUTE
    src\lab2_filter.c                        0x00000000   Number         0  lab2_filter.o ABSOLUTE
    src\lab2_pwm.c                           0x00000000   Number         0  lab2_pwm.o ABSOLUTE
    src\lab2_temp.c                          0x00000000   Number         0  lab2_temp.o ABSOLUTE
    src\main.c                               0x00000000   Number         0  main.o ABSOLUTE
    src\startup_stm32f40xx.s                 0x00000000   Number         0  startup_stm32f40xx.o ABSOLUTE
    src\system_stm32f4xx.c                   0x00000000   Number         0  system_stm32f4xx.o ABSOLUTE
    RESET                                    0x08000000   Section      392  startup_stm32f40xx.o(RESET)
    !!!main                                  0x08000188   Section        8  __main.o(!!!main)
    !!!scatter                               0x08000190   Section       52  __scatter.o(!!!scatter)
    !!handler_copy                           0x080001c4   Section       26  __scatter_copy.o(!!handler_copy)
    !!handler_zi                             0x080001e0   Section       28  __scatter_zi.o(!!handler_zi)
    .ARM.Collect$$_printf_percent$$00000000  0x080001fc   Section        0  _printf_percent.o(.ARM.Collect$$_printf_percent$$00000000)
    .ARM.Collect$$_printf_percent$$00000003  0x080001fc   Section        6  _printf_f.o(.ARM.Collect$$_printf_percent$$00000003)
    .ARM.Collect$$_printf_percent$$00000017  0x08000202   Section        4  _printf_percent_end.o(.ARM.Collect$$_printf_percent$$00000017)
    .ARM.Collect$$libinit$$00000000          0x08000206   Section        2  libinit.o(.ARM.Collect$$libinit$$00000000)
    .ARM.Collect$$libinit$$00000001          0x08000208   Section        4  libinit2.o(.ARM.Collect$$libinit$$00000001)
    .ARM.Collect$$libinit$$00000008          0x0800020c   Section        0  libinit2.o(.ARM.Collect$$libinit$$00000008)
    .ARM.Collect$$libinit$$0000000A          0x0800020c   Section        0  libinit2.o(.ARM.Collect$$libinit$$0000000A)
    .ARM.Collect$$libinit$$0000000C          0x0800020c   Section        0  libinit2.o(.ARM.Collect$$libinit$$0000000C)
    .ARM.Collect$$libinit$$0000000D          0x0800020c   Section        6  libinit2.o(.ARM.Collect$$libinit$$0000000D)
    .ARM.Collect$$libinit$$0000000F          0x08000212   Section        0  libinit2.o(.ARM.Collect$$libinit$$0000000F)
    .ARM.Collect$$libinit$$00000011          0x08000212   Section        0  libinit2.o(.ARM.Collect$$libinit$$00000011)
    .ARM.Collect$$libinit$$00000013          0x08000212   Section        0  libinit2.o(.ARM.Collect$$libinit$$00000013)
    .ARM.Collect$$libinit$$00000014          0x08000212   Section       10  libinit2.o(.ARM.Collect$$libinit$$00000014)
    .ARM.Collect$$libinit$$00000015          0x0800021c   Section        0  libinit2.o(.ARM.Collect$$libinit$$00000015)
    .ARM.Collect$$libinit$$00000017          0x0800021c   Section        0  libinit2.o(.ARM.Collect$$libinit$$00000017)
    .ARM.Collect$$libinit$$00000019          0x0800021c   Section        0  libinit2.o(.ARM.Collect$$libinit$$00000019)
    .ARM.Collect$$libinit$$0000001B          0x0800021c   Section        0  libinit2.o(.ARM.Collect$$libinit$$0000001B)
    .ARM.Collect$$libinit$$0000001D          0x0800021c   Section        0  libinit2.o(.ARM.Collect$$libinit$$0000001D)
    .ARM.Collect$$libinit$$0000001F          0x0800021c   Section        0  libinit2.o(.ARM.Collect$$libinit$$0000001F)
    .ARM.Collect$$libinit$$00000021          0x0800021c   Section        0  libinit2.o(.ARM.Collect$$libinit$$00000021)
    .ARM.Collect$$libinit$$00000023          0x0800021c   Section        0  libinit2.o(.ARM.Collect$$libinit$$00000023)
    .ARM.Collect$$libinit$$0000002A          0x0800021c   Section        0  libinit2.o(.ARM.Collect$$libinit$$0000002A)
    .ARM.Collect$$libinit$$0000002C          0x0800021c   Section        0  libinit2.o(.ARM.Collect$$libinit$$0000002C)
    .ARM.Collect$$libinit$$0000002E          0x0800021c   Section        0  libinit2.o(.ARM.Collect$$libinit$$0000002E)
    .ARM.Collect$$libinit$$00000030          0x0800021c   Section        0  libinit2.o(.ARM.Collect$$libinit$$00000030)
    .ARM.Collect$$libinit$$00000031          0x0800021c   Section        2  libinit2.o(.ARM.Collect$$libinit$$00000031)
    .ARM.Collect$$libshutdown$$00000000      0x0800021e   Section        2  libshutdown.o(.ARM.Collect$$libshutdown$$00000000)
    .ARM.Collect$$libshutdown$$00000003      0x08000220   Section        0  libshutdown2.o(.ARM.Collect$$libshutdown$$00000003)
    .ARM.Collect$$libshutdown$$00000006      0x08000220   Section        0  libshutdown2.o(.ARM.Collect$$libshutdown$$00000006)
    .ARM.Collect$$libshutdown$$00000009      0x08000220   Section        0  libshutdown2.o(.ARM.Collect$$libshutdown$$00000009)
    .ARM.Collect$$libshutdown$$0000000B      0x08000220   Section        0  libshutdown2.o(.ARM.Collect$$libshutdown$$0000000B)
    .ARM.Collect$$libshutdown$$0000000E      0x08000220   Section        0  libshutdown2.o(.ARM.Collect$$libshutdown$$0000000E)
    .ARM.Collect$$libshutdown$$0000000F      0x08000220   Section        2  libshutdown2.o(.ARM.Collect$$libshutdown$$0000000F)
    .ARM.Collect$$rtentry$$00000000          0x08000222   Section        0  rtentry.o(.ARM.Collect$$rtentry$$00000000)
    .ARM.Collect$$rtentry$$00000002          0x08000222   Section        0  rtentry2.o(.ARM.Collect$$rtentry$$00000002)
    .ARM.Collect$$rtentry$$00000004          0x08000222   Section        6  rtentry4.o(.ARM.Collect$$rtentry$$00000004)
    .ARM.Collect$$rtentry$$00000009          0x08000228   Section        0  rtentry2.o(.ARM.Collect$$rtentry$$00000009)
    .ARM.Collect$$rtentry$$0000000A          0x08000228   Section        4  rtentry2.o(.ARM.Collect$$rtentry$$0000000A)
    .ARM.Collect$$rtentry$$0000000C          0x0800022c   Section        0  rtentry2.o(.ARM.Collect$$rtentry$$0000000C)
    .ARM.Collect$$rtentry$$0000000D          0x0800022c   Section        8  rtentry2.o(.ARM.Collect$$rtentry$$0000000D)
    .ARM.Collect$$rtexit$$00000000           0x08000234   Section        2  rtexit.o(.ARM.Collect$$rtexit$$00000000)
    .ARM.Collect$$rtexit$$00000002           0x08000236   Section        0  rtexit2.o(.ARM.Collect$$rtexit$$00000002)
    .ARM.Collect$$rtexit$$00000003           0x08000236   Section        4  rtexit2.o(.ARM.Collect$$rtexit$$00000003)
    .ARM.Collect$$rtexit$$00000004           0x0800023a   Section        6  rtexit2.o(.ARM.Collect$$rtexit$$00000004)
    .text                                    0x08000240   Section       64  startup_stm32f40xx.o(.text)
    $v0                                      0x08000240   Number         0  startup_stm32f40xx.o(.text)
    .text                                    0x08000280   Section        0  fputc_debug.o(.text)
    ITM_SendChar                             0x08000281   Thumb Code    42  fputc_debug.o(.text)
    .text                                    0x080002cc   Section        0  main.o(.text)
    SysTick_Config                           0x080002cd   Thumb Code    74  main.o(.text)
    set_mode                                 0x08000317   Thumb Code   144  main.o(.text)
    .text                                    0x08000480   Section        0  system_stm32f4xx.o(.text)
    SetSysClock                              0x08000481   Thumb Code   218  system_stm32f4xx.o(.text)
    .text                                    0x0800068c   Section        0  gpio_init.o(.text)
    .text                                    0x08000760   Section        0  lab2_filter.o(.text)
    .text                                    0x0800083c   Section        0  lab2_pwm.o(.text)
    do_pwm                                   0x0800083d   Thumb Code   300  lab2_pwm.o(.text)
    .text                                    0x08000994   Section        0  lab2_temp.o(.text)
    get_temperature                          0x08000995   Thumb Code    50  lab2_temp.o(.text)
    .text                                    0x08000adc   Section        0  stm32f4xx_adc.o(.text)
    .text                                    0x08000f4c   Section        0  stm32f4xx_gpio.o(.text)
    .text                                    0x080011a8   Section        0  stm32f4xx_rcc.o(.text)
    .text                                    0x08001730   Section        2  use_no_semi.o(.text)
    .text                                    0x08001734   Section        0  noretval__2printf.o(.text)
    .text                                    0x0800174c   Section        0  __printf.o(.text)
    .text                                    0x080017b4   Section      100  rt_memcpy_w.o(.text)
    .text                                    0x08001818   Section        0  heapauxi.o(.text)
    .text                                    0x0800181e   Section        0  _rserrno.o(.text)
    .text                                    0x08001834   Section        0  _printf_fp_dec.o(.text)
    _fp_digits                               0x08001837   Thumb Code   426  _printf_fp_dec.o(.text)
    .text                                    0x08001c54   Section        0  _printf_char_file.o(.text)
    .text                                    0x08001c78   Section        8  rt_locale_intlibspace.o(.text)
    .text                                    0x08001c80   Section        8  rt_errno_addr_intlibspace.o(.text)
    .text                                    0x08001c88   Section      138  lludiv10.o(.text)
    .text                                    0x08001d14   Section        0  _printf_char_common.o(.text)
    _printf_input_char                       0x08001d15   Thumb Code    10  _printf_char_common.o(.text)
    .text                                    0x08001d44   Section        0  _printf_fp_infnan.o(.text)
    .text                                    0x08001dc4   Section        0  bigflt0.o(.text)
    .text                                    0x08001ea8   Section        0  ferror.o(.text)
    .text                                    0x08001eb0   Section        8  libspace.o(.text)
    .text                                    0x08001eb8   Section       74  sys_stackheap_outer.o(.text)
    .text                                    0x08001f02   Section        0  exit.o(.text)
    .text                                    0x08001f10   Section      128  strcmpv7m.o(.text)
    CL$$btod_d2e                             0x08001f90   Section       62  btod.o(CL$$btod_d2e)
    CL$$btod_d2e_denorm_low                  0x08001fce   Section       70  btod.o(CL$$btod_d2e_denorm_low)
    CL$$btod_d2e_norm_op1                    0x08002014   Section       96  btod.o(CL$$btod_d2e_norm_op1)
    CL$$btod_div_common                      0x08002074   Section      824  btod.o(CL$$btod_div_common)
    CL$$btod_e2e                             0x080023ac   Section      198  btod.o(CL$$btod_e2e)
    CL$$btod_ediv                            0x08002472   Section       40  btod.o(CL$$btod_ediv)
    CL$$btod_emul                            0x0800249a   Section       40  btod.o(CL$$btod_emul)
    CL$$btod_mult_common                     0x080024c2   Section      580  btod.o(CL$$btod_mult_common)
    i.__ARM_fpclassify                       0x08002706   Section        0  fpclassify.o(i.__ARM_fpclassify)
    i.__hardfp_pow                           0x08002738   Section        0  pow.o(i.__hardfp_pow)
    i.__kernel_poly                          0x080033c8   Section        0  poly.o(i.__kernel_poly)
    i.__mathlib_dbl_underflow                0x080034c0   Section        0  dunder.o(i.__mathlib_dbl_underflow)
    i.fabs                                   0x080034e0   Section        0  fabs.o(i.fabs)
    i.sqrt                                   0x08003500   Section        0  sqrt.o(i.sqrt)
    locale$$code                             0x08003570   Section       44  lc_numeric_c.o(locale$$code)
    x$fpl$basic                              0x0800359c   Section       24  basic.o(x$fpl$basic)
    $v0                                      0x0800359c   Number         0  basic.o(x$fpl$basic)
    x$fpl$d2f                                0x080035b4   Section       98  d2f.o(x$fpl$d2f)
    $v0                                      0x080035b4   Number         0  d2f.o(x$fpl$d2f)
    x$fpl$dadd                               0x08003618   Section      336  daddsub_clz.o(x$fpl$dadd)
    $v0                                      0x08003618   Number         0  daddsub_clz.o(x$fpl$dadd)
    _dadd1                                   0x08003629   Thumb Code     0  daddsub_clz.o(x$fpl$dadd)
    x$fpl$dcheck1                            0x08003768   Section       16  dcheck1.o(x$fpl$dcheck1)
    $v0                                      0x08003768   Number         0  dcheck1.o(x$fpl$dcheck1)
    x$fpl$dcmpinf                            0x08003778   Section       24  dcmpi.o(x$fpl$dcmpinf)
    $v0                                      0x08003778   Number         0  dcmpi.o(x$fpl$dcmpinf)
    x$fpl$ddiv                               0x08003790   Section      688  ddiv.o(x$fpl$ddiv)
    $v0                                      0x08003790   Number         0  ddiv.o(x$fpl$ddiv)
    ddiv_entry                               0x08003797   Thumb Code     0  ddiv.o(x$fpl$ddiv)
    x$fpl$dflt                               0x08003a40   Section       46  dflt_clz.o(x$fpl$dflt)
    $v0                                      0x08003a40   Number         0  dflt_clz.o(x$fpl$dflt)
    x$fpl$dfltu                              0x08003a6e   Section       38  dflt_clz.o(x$fpl$dfltu)
    $v0                                      0x08003a6e   Number         0  dflt_clz.o(x$fpl$dfltu)
    x$fpl$dleqf                              0x08003a94   Section      120  dleqf.o(x$fpl$dleqf)
    $v0                                      0x08003a94   Number         0  dleqf.o(x$fpl$dleqf)
    x$fpl$dmul                               0x08003b0c   Section      340  dmul.o(x$fpl$dmul)
    $v0                                      0x08003b0c   Number         0  dmul.o(x$fpl$dmul)
    x$fpl$dnaninf                            0x08003c60   Section      156  dnaninf.o(x$fpl$dnaninf)
    $v0                                      0x08003c60   Number         0  dnaninf.o(x$fpl$dnaninf)
    x$fpl$dretinf                            0x08003cfc   Section       12  dretinf.o(x$fpl$dretinf)
    $v0                                      0x08003cfc   Number         0  dretinf.o(x$fpl$dretinf)
    x$fpl$drleqf                             0x08003d08   Section      108  drleqf.o(x$fpl$drleqf)
    $v0                                      0x08003d08   Number         0  drleqf.o(x$fpl$drleqf)
    x$fpl$drsb                               0x08003d74   Section       22  daddsub_clz.o(x$fpl$drsb)
    $v0                                      0x08003d74   Number         0  daddsub_clz.o(x$fpl$drsb)
    x$fpl$dsqrt                              0x08003d8c   Section      408  dsqrt_umaal.o(x$fpl$dsqrt)
    $v0                                      0x08003d8c   Number         0  dsqrt_umaal.o(x$fpl$dsqrt)
    x$fpl$dsub                               0x08003f24   Section      468  daddsub_clz.o(x$fpl$dsub)
    $v0                                      0x08003f24   Number         0  daddsub_clz.o(x$fpl$dsub)
    _dsub1                                   0x08003f35   Thumb Code     0  daddsub_clz.o(x$fpl$dsub)
    x$fpl$f2d                                0x080040f8   Section       86  f2d.o(x$fpl$f2d)
    $v0                                      0x080040f8   Number         0  f2d.o(x$fpl$f2d)
    x$fpl$fnaninf                            0x0800414e   Section      140  fnaninf.o(x$fpl$fnaninf)
    $v0                                      0x0800414e   Number         0  fnaninf.o(x$fpl$fnaninf)
    x$fpl$fpinit                             0x080041da   Section       10  fpinit.o(x$fpl$fpinit)
    $v0                                      0x080041da   Number         0  fpinit.o(x$fpl$fpinit)
    x$fpl$fretinf                            0x080041e4   Section       10  fretinf.o(x$fpl$fretinf)
    $v0                                      0x080041e4   Number         0  fretinf.o(x$fpl$fretinf)
    x$fpl$printf1                            0x080041ee   Section        4  printf1.o(x$fpl$printf1)
    $v0                                      0x080041ee   Number         0  printf1.o(x$fpl$printf1)
    x$fpl$retnan                             0x080041f2   Section      100  retnan.o(x$fpl$retnan)
    $v0                                      0x080041f2   Number         0  retnan.o(x$fpl$retnan)
    x$fpl$scalbn                             0x08004256   Section       92  scalbn.o(x$fpl$scalbn)
    $v0                                      0x08004256   Number         0  scalbn.o(x$fpl$scalbn)
    x$fpl$trapveneer                         0x080042b2   Section       48  trapv.o(x$fpl$trapveneer)
    $v0                                      0x080042b2   Number         0  trapv.o(x$fpl$trapveneer)
    x$fpl$usenofp                            0x080042e2   Section        0  usenofp.o(x$fpl$usenofp)
    .constdata                               0x080042e8   Section      136  pow.o(.constdata)
    bp                                       0x080042e8   Data          16  pow.o(.constdata)
    dp_h                                     0x080042f8   Data          16  pow.o(.constdata)
    dp_l                                     0x08004308   Data          16  pow.o(.constdata)
    L                                        0x08004318   Data          48  pow.o(.constdata)
    P                                        0x08004348   Data          40  pow.o(.constdata)
    .constdata                               0x08004370   Section        8  qnan.o(.constdata)
    .constdata                               0x08004378   Section      148  bigflt0.o(.constdata)
    tenpwrs_x                                0x08004378   Data          60  bigflt0.o(.constdata)
    tenpwrs_i                                0x080043b4   Data          64  bigflt0.o(.constdata)
    locale$$data                             0x0800442c   Section       28  lc_numeric_c.o(locale$$data)
    __lcnum_c_name                           0x08004430   Data           2  lc_numeric_c.o(locale$$data)
    __lcnum_c_start                          0x08004438   Data           0  lc_numeric_c.o(locale$$data)
    __lcnum_c_point                          0x08004444   Data           0  lc_numeric_c.o(locale$$data)
    __lcnum_c_thousands                      0x08004446   Data           0  lc_numeric_c.o(locale$$data)
    __lcnum_c_grouping                       0x08004447   Data           0  lc_numeric_c.o(locale$$data)
    __lcnum_c_end                            0x08004448   Data           0  lc_numeric_c.o(locale$$data)
    .data                                    0x20000000   Section        8  fputc_debug.o(.data)
    .data                                    0x20000008   Section       16  main.o(.data)
    .data                                    0x20000018   Section       20  system_stm32f4xx.o(.data)
    .data                                    0x2000002c   Section       16  stm32f4xx_rcc.o(.data)
    APBAHBPrescTable                         0x2000002c   Data          16  stm32f4xx_rcc.o(.data)
    .bss                                     0x2000003c   Section       96  libspace.o(.bss)
    HEAP                                     0x200000a0   Section      512  startup_stm32f40xx.o(HEAP)
    Heap_Mem                                 0x200000a0   Data         512  startup_stm32f40xx.o(HEAP)
    STACK                                    0x200002a0   Section     1024  startup_stm32f40xx.o(STACK)
    Stack_Mem                                0x200002a0   Data        1024  startup_stm32f40xx.o(STACK)
    __initial_sp                             0x200006a0   Data           0  startup_stm32f40xx.o(STACK)

    Global Symbols

    Symbol Name                              Value     Ov Type        Size  Object(Section)

    BuildAttributes$$THM_ISAv4$E$P$D$K$B$S$7EM$VFPi3$EXTD16$VFPS$VFMA$PE$A:L22UL41UL21$X:L11$S22US41US21$IEEE1$IW$USESV6$~STKCKD$USESV7$~SHL$OTIME$ROPI$IEEEX$EBA8$UX$STANDARDLIB$REQ8$PRES8$EABIv2 0x00000000   Number         0  anon$$obj.o ABSOLUTE
    __ARM_use_no_argv                        0x00000000   Number         0  main.o ABSOLUTE
    __ARM_exceptions_init                     - Undefined Weak Reference
    __alloca_initialize                       - Undefined Weak Reference
    __cpp_initialize__aeabi_                  - Undefined Weak Reference
    __cxa_finalize                            - Undefined Weak Reference
    __sigvec_lookup                           - Undefined Weak Reference
    _atexit_init                              - Undefined Weak Reference
    _call_atexit_fns                          - Undefined Weak Reference
    _clock_init                               - Undefined Weak Reference
    _fp_trap_init                             - Undefined Weak Reference
    _fp_trap_shutdown                         - Undefined Weak Reference
    _get_lc_collate                           - Undefined Weak Reference
    _get_lc_ctype                             - Undefined Weak Reference
    _get_lc_monetary                          - Undefined Weak Reference
    _get_lc_time                              - Undefined Weak Reference
    _getenv_init                              - Undefined Weak Reference
    _handle_redirection                       - Undefined Weak Reference
    _init_alloc                               - Undefined Weak Reference
    _init_user_alloc                          - Undefined Weak Reference
    _initio                                   - Undefined Weak Reference
    _mutex_acquire                            - Undefined Weak Reference
    _mutex_release                            - Undefined Weak Reference
    _printf_post_padding                      - Undefined Weak Reference
    _printf_pre_padding                       - Undefined Weak Reference
    _rand_init                                - Undefined Weak Reference
    _signal_finish                            - Undefined Weak Reference
    _signal_init                              - Undefined Weak Reference
    _terminate_alloc                          - Undefined Weak Reference
    _terminate_user_alloc                     - Undefined Weak Reference
    _terminateio                              - Undefined Weak Reference
    __Vectors_Size                           0x00000188   Number         0  startup_stm32f40xx.o ABSOLUTE
    __Vectors                                0x08000000   Data           4  startup_stm32f40xx.o(RESET)
    __Vectors_End                            0x08000188   Data           0  startup_stm32f40xx.o(RESET)
    __main                                   0x08000189   Thumb Code     8  __main.o(!!!main)
    __scatterload                            0x08000191   Thumb Code     0  __scatter.o(!!!scatter)
    __scatterload_rt2                        0x08000191   Thumb Code    44  __scatter.o(!!!scatter)
    __scatterload_rt2_thumb_only             0x08000191   Thumb Code     0  __scatter.o(!!!scatter)
    __scatterload_null                       0x0800019f   Thumb Code     0  __scatter.o(!!!scatter)
    __scatterload_copy                       0x080001c5   Thumb Code    26  __scatter_copy.o(!!handler_copy)
    __scatterload_zeroinit                   0x080001e1   Thumb Code    28  __scatter_zi.o(!!handler_zi)
    _printf_f                                0x080001fd   Thumb Code     0  _printf_f.o(.ARM.Collect$$_printf_percent$$00000003)
    _printf_percent                          0x080001fd   Thumb Code     0  _printf_percent.o(.ARM.Collect$$_printf_percent$$00000000)
    _printf_percent_end                      0x08000203   Thumb Code     0  _printf_percent_end.o(.ARM.Collect$$_printf_percent$$00000017)
    __rt_lib_init                            0x08000207   Thumb Code     0  libinit.o(.ARM.Collect$$libinit$$00000000)
    __rt_lib_init_fp_1                       0x08000209   Thumb Code     0  libinit2.o(.ARM.Collect$$libinit$$00000001)
    __rt_lib_init_heap_1                     0x0800020d   Thumb Code     0  libinit2.o(.ARM.Collect$$libinit$$00000008)
    __rt_lib_init_lc_common                  0x0800020d   Thumb Code     0  libinit2.o(.ARM.Collect$$libinit$$0000000D)
    __rt_lib_init_rand_1                     0x0800020d   Thumb Code     0  libinit2.o(.ARM.Collect$$libinit$$0000000C)
    __rt_lib_init_user_alloc_1               0x0800020d   Thumb Code     0  libinit2.o(.ARM.Collect$$libinit$$0000000A)
    __rt_lib_init_lc_collate_1               0x08000213   Thumb Code     0  libinit2.o(.ARM.Collect$$libinit$$0000000F)
    __rt_lib_init_lc_ctype_1                 0x08000213   Thumb Code     0  libinit2.o(.ARM.Collect$$libinit$$00000011)
    __rt_lib_init_lc_monetary_1              0x08000213   Thumb Code     0  libinit2.o(.ARM.Collect$$libinit$$00000013)
    __rt_lib_init_lc_numeric_2               0x08000213   Thumb Code     0  libinit2.o(.ARM.Collect$$libinit$$00000014)
    __rt_lib_init_alloca_1                   0x0800021d   Thumb Code     0  libinit2.o(.ARM.Collect$$libinit$$0000002C)
    __rt_lib_init_argv_1                     0x0800021d   Thumb Code     0  libinit2.o(.ARM.Collect$$libinit$$0000002A)
    __rt_lib_init_atexit_1                   0x0800021d   Thumb Code     0  libinit2.o(.ARM.Collect$$libinit$$00000019)
    __rt_lib_init_clock_1                    0x0800021d   Thumb Code     0  libinit2.o(.ARM.Collect$$libinit$$0000001F)
    __rt_lib_init_cpp_1                      0x0800021d   Thumb Code     0  libinit2.o(.ARM.Collect$$libinit$$00000030)
    __rt_lib_init_exceptions_1               0x0800021d   Thumb Code     0  libinit2.o(.ARM.Collect$$libinit$$0000002E)
    __rt_lib_init_fp_trap_1                  0x0800021d   Thumb Code     0  libinit2.o(.ARM.Collect$$libinit$$0000001D)
    __rt_lib_init_getenv_1                   0x0800021d   Thumb Code     0  libinit2.o(.ARM.Collect$$libinit$$00000021)
    __rt_lib_init_lc_numeric_1               0x0800021d   Thumb Code     0  libinit2.o(.ARM.Collect$$libinit$$00000015)
    __rt_lib_init_lc_time_1                  0x0800021d   Thumb Code     0  libinit2.o(.ARM.Collect$$libinit$$00000017)
    __rt_lib_init_return                     0x0800021d   Thumb Code     0  libinit2.o(.ARM.Collect$$libinit$$00000031)
    __rt_lib_init_signal_1                   0x0800021d   Thumb Code     0  libinit2.o(.ARM.Collect$$libinit$$0000001B)
    __rt_lib_init_stdio_1                    0x0800021d   Thumb Code     0  libinit2.o(.ARM.Collect$$libinit$$00000023)
    __rt_lib_shutdown                        0x0800021f   Thumb Code     0  libshutdown.o(.ARM.Collect$$libshutdown$$00000000)
    __rt_lib_shutdown_fp_trap_1              0x08000221   Thumb Code     0  libshutdown2.o(.ARM.Collect$$libshutdown$$00000006)
    __rt_lib_shutdown_heap_1                 0x08000221   Thumb Code     0  libshutdown2.o(.ARM.Collect$$libshutdown$$0000000E)
    __rt_lib_shutdown_return                 0x08000221   Thumb Code     0  libshutdown2.o(.ARM.Collect$$libshutdown$$0000000F)
    __rt_lib_shutdown_signal_1               0x08000221   Thumb Code     0  libshutdown2.o(.ARM.Collect$$libshutdown$$00000009)
    __rt_lib_shutdown_stdio_1                0x08000221   Thumb Code     0  libshutdown2.o(.ARM.Collect$$libshutdown$$00000003)
    __rt_lib_shutdown_user_alloc_1           0x08000221   Thumb Code     0  libshutdown2.o(.ARM.Collect$$libshutdown$$0000000B)
    __rt_entry                               0x08000223   Thumb Code     0  rtentry.o(.ARM.Collect$$rtentry$$00000000)
    __rt_entry_presh_1                       0x08000223   Thumb Code     0  rtentry2.o(.ARM.Collect$$rtentry$$00000002)
    __rt_entry_sh                            0x08000223   Thumb Code     0  rtentry4.o(.ARM.Collect$$rtentry$$00000004)
    __rt_entry_li                            0x08000229   Thumb Code     0  rtentry2.o(.ARM.Collect$$rtentry$$0000000A)
    __rt_entry_postsh_1                      0x08000229   Thumb Code     0  rtentry2.o(.ARM.Collect$$rtentry$$00000009)
    __rt_entry_main                          0x0800022d   Thumb Code     0  rtentry2.o(.ARM.Collect$$rtentry$$0000000D)
    __rt_entry_postli_1                      0x0800022d   Thumb Code     0  rtentry2.o(.ARM.Collect$$rtentry$$0000000C)
    __rt_exit                                0x08000235   Thumb Code     0  rtexit.o(.ARM.Collect$$rtexit$$00000000)
    __rt_exit_ls                             0x08000237   Thumb Code     0  rtexit2.o(.ARM.Collect$$rtexit$$00000003)
    __rt_exit_prels_1                        0x08000237   Thumb Code     0  rtexit2.o(.ARM.Collect$$rtexit$$00000002)
    __rt_exit_exit                           0x0800023b   Thumb Code     0  rtexit2.o(.ARM.Collect$$rtexit$$00000004)
    Reset_Handler                            0x08000241   Thumb Code     8  startup_stm32f40xx.o(.text)
    NMI_Handler                              0x08000249   Thumb Code     2  startup_stm32f40xx.o(.text)
    HardFault_Handler                        0x0800024b   Thumb Code     2  startup_stm32f40xx.o(.text)
    MemManage_Handler                        0x0800024d   Thumb Code     2  startup_stm32f40xx.o(.text)
    BusFault_Handler                         0x0800024f   Thumb Code     2  startup_stm32f40xx.o(.text)
    UsageFault_Handler                       0x08000251   Thumb Code     2  startup_stm32f40xx.o(.text)
    SVC_Handler                              0x08000253   Thumb Code     2  startup_stm32f40xx.o(.text)
    DebugMon_Handler                         0x08000255   Thumb Code     2  startup_stm32f40xx.o(.text)
    PendSV_Handler                           0x08000257   Thumb Code     2  startup_stm32f40xx.o(.text)
    ADC_IRQHandler                           0x0800025b   Thumb Code     0  startup_stm32f40xx.o(.text)
    CAN1_RX0_IRQHandler                      0x0800025b   Thumb Code     0  startup_stm32f40xx.o(.text)
    CAN1_RX1_IRQHandler                      0x0800025b   Thumb Code     0  startup_stm32f40xx.o(.text)
    CAN1_SCE_IRQHandler                      0x0800025b   Thumb Code     0  startup_stm32f40xx.o(.text)
    CAN1_TX_IRQHandler                       0x0800025b   Thumb Code     0  startup_stm32f40xx.o(.text)
    CAN2_RX0_IRQHandler                      0x0800025b   Thumb Code     0  startup_stm32f40xx.o(.text)
    CAN2_RX1_IRQHandler                      0x0800025b   Thumb Code     0  startup_stm32f40xx.o(.text)
    CAN2_SCE_IRQHandler                      0x0800025b   Thumb Code     0  startup_stm32f40xx.o(.text)
    CAN2_TX_IRQHandler                       0x0800025b   Thumb Code     0  startup_stm32f40xx.o(.text)
    CRYP_IRQHandler                          0x0800025b   Thumb Code     0  startup_stm32f40xx.o(.text)
    DCMI_IRQHandler                          0x0800025b   Thumb Code     0  startup_stm32f40xx.o(.text)
    DMA1_Stream0_IRQHandler                  0x0800025b   Thumb Code     0  startup_stm32f40xx.o(.text)
    DMA1_Stream1_IRQHandler                  0x0800025b   Thumb Code     0  startup_stm32f40xx.o(.text)
    DMA1_Stream2_IRQHandler                  0x0800025b   Thumb Code     0  startup_stm32f40xx.o(.text)
    DMA1_Stream3_IRQHandler                  0x0800025b   Thumb Code     0  startup_stm32f40xx.o(.text)
    DMA1_Stream4_IRQHandler                  0x0800025b   Thumb Code     0  startup_stm32f40xx.o(.text)
    DMA1_Stream5_IRQHandler                  0x0800025b   Thumb Code     0  startup_stm32f40xx.o(.text)
    DMA1_Stream6_IRQHandler                  0x0800025b   Thumb Code     0  startup_stm32f40xx.o(.text)
    DMA1_Stream7_IRQHandler                  0x0800025b   Thumb Code     0  startup_stm32f40xx.o(.text)
    DMA2_Stream0_IRQHandler                  0x0800025b   Thumb Code     0  startup_stm32f40xx.o(.text)
    DMA2_Stream1_IRQHandler                  0x0800025b   Thumb Code     0  startup_stm32f40xx.o(.text)
    DMA2_Stream2_IRQHandler                  0x0800025b   Thumb Code     0  startup_stm32f40xx.o(.text)
    DMA2_Stream3_IRQHandler                  0x0800025b   Thumb Code     0  startup_stm32f40xx.o(.text)
    DMA2_Stream4_IRQHandler                  0x0800025b   Thumb Code     0  startup_stm32f40xx.o(.text)
    DMA2_Stream5_IRQHandler                  0x0800025b   Thumb Code     0  startup_stm32f40xx.o(.text)
    DMA2_Stream6_IRQHandler                  0x0800025b   Thumb Code     0  startup_stm32f40xx.o(.text)
    DMA2_Stream7_IRQHandler                  0x0800025b   Thumb Code     0  startup_stm32f40xx.o(.text)
    ETH_IRQHandler                           0x0800025b   Thumb Code     0  startup_stm32f40xx.o(.text)
    ETH_WKUP_IRQHandler                      0x0800025b   Thumb Code     0  startup_stm32f40xx.o(.text)
    EXTI0_IRQHandler                         0x0800025b   Thumb Code     0  startup_stm32f40xx.o(.text)
    EXTI15_10_IRQHandler                     0x0800025b   Thumb Code     0  startup_stm32f40xx.o(.text)
    EXTI1_IRQHandler                         0x0800025b   Thumb Code     0  startup_stm32f40xx.o(.text)
    EXTI2_IRQHandler                         0x0800025b   Thumb Code     0  startup_stm32f40xx.o(.text)
    EXTI3_IRQHandler                         0x0800025b   Thumb Code     0  startup_stm32f40xx.o(.text)
    EXTI4_IRQHandler                         0x0800025b   Thumb Code     0  startup_stm32f40xx.o(.text)
    EXTI9_5_IRQHandler                       0x0800025b   Thumb Code     0  startup_stm32f40xx.o(.text)
    FLASH_IRQHandler                         0x0800025b   Thumb Code     0  startup_stm32f40xx.o(.text)
    FPU_IRQHandler                           0x0800025b   Thumb Code     0  startup_stm32f40xx.o(.text)
    FSMC_IRQHandler                          0x0800025b   Thumb Code     0  startup_stm32f40xx.o(.text)
    HASH_RNG_IRQHandler                      0x0800025b   Thumb Code     0  startup_stm32f40xx.o(.text)
    I2C1_ER_IRQHandler                       0x0800025b   Thumb Code     0  startup_stm32f40xx.o(.text)
    I2C1_EV_IRQHandler                       0x0800025b   Thumb Code     0  startup_stm32f40xx.o(.text)
    I2C2_ER_IRQHandler                       0x0800025b   Thumb Code     0  startup_stm32f40xx.o(.text)
    I2C2_EV_IRQHandler                       0x0800025b   Thumb Code     0  startup_stm32f40xx.o(.text)
    I2C3_ER_IRQHandler                       0x0800025b   Thumb Code     0  startup_stm32f40xx.o(.text)
    I2C3_EV_IRQHandler                       0x0800025b   Thumb Code     0  startup_stm32f40xx.o(.text)
    OTG_FS_IRQHandler                        0x0800025b   Thumb Code     0  startup_stm32f40xx.o(.text)
    OTG_FS_WKUP_IRQHandler                   0x0800025b   Thumb Code     0  startup_stm32f40xx.o(.text)
    OTG_HS_EP1_IN_IRQHandler                 0x0800025b   Thumb Code     0  startup_stm32f40xx.o(.text)
    OTG_HS_EP1_OUT_IRQHandler                0x0800025b   Thumb Code     0  startup_stm32f40xx.o(.text)
    OTG_HS_IRQHandler                        0x0800025b   Thumb Code     0  startup_stm32f40xx.o(.text)
    OTG_HS_WKUP_IRQHandler                   0x0800025b   Thumb Code     0  startup_stm32f40xx.o(.text)
    PVD_IRQHandler                           0x0800025b   Thumb Code     0  startup_stm32f40xx.o(.text)
    RCC_IRQHandler                           0x0800025b   Thumb Code     0  startup_stm32f40xx.o(.text)
    RTC_Alarm_IRQHandler                     0x0800025b   Thumb Code     0  startup_stm32f40xx.o(.text)
    RTC_WKUP_IRQHandler                      0x0800025b   Thumb Code     0  startup_stm32f40xx.o(.text)
    SDIO_IRQHandler                          0x0800025b   Thumb Code     0  startup_stm32f40xx.o(.text)
    SPI1_IRQHandler                          0x0800025b   Thumb Code     0  startup_stm32f40xx.o(.text)
    SPI2_IRQHandler                          0x0800025b   Thumb Code     0  startup_stm32f40xx.o(.text)
    SPI3_IRQHandler                          0x0800025b   Thumb Code     0  startup_stm32f40xx.o(.text)
    TAMP_STAMP_IRQHandler                    0x0800025b   Thumb Code     0  startup_stm32f40xx.o(.text)
    TIM1_BRK_TIM9_IRQHandler                 0x0800025b   Thumb Code     0  startup_stm32f40xx.o(.text)
    TIM1_CC_IRQHandler                       0x0800025b   Thumb Code     0  startup_stm32f40xx.o(.text)
    TIM1_TRG_COM_TIM11_IRQHandler            0x0800025b   Thumb Code     0  startup_stm32f40xx.o(.text)
    TIM1_UP_TIM10_IRQHandler                 0x0800025b   Thumb Code     0  startup_stm32f40xx.o(.text)
    TIM2_IRQHandler                          0x0800025b   Thumb Code     0  startup_stm32f40xx.o(.text)
    TIM3_IRQHandler                          0x0800025b   Thumb Code     0  startup_stm32f40xx.o(.text)
    TIM4_IRQHandler                          0x0800025b   Thumb Code     0  startup_stm32f40xx.o(.text)
    TIM5_IRQHandler                          0x0800025b   Thumb Code     0  startup_stm32f40xx.o(.text)
    TIM6_DAC_IRQHandler                      0x0800025b   Thumb Code     0  startup_stm32f40xx.o(.text)
    TIM7_IRQHandler                          0x0800025b   Thumb Code     0  startup_stm32f40xx.o(.text)
    TIM8_BRK_TIM12_IRQHandler                0x0800025b   Thumb Code     0  startup_stm32f40xx.o(.text)
    TIM8_CC_IRQHandler                       0x0800025b   Thumb Code     0  startup_stm32f40xx.o(.text)
    TIM8_TRG_COM_TIM14_IRQHandler            0x0800025b   Thumb Code     0  startup_stm32f40xx.o(.text)
    TIM8_UP_TIM13_IRQHandler                 0x0800025b   Thumb Code     0  startup_stm32f40xx.o(.text)
    UART4_IRQHandler                         0x0800025b   Thumb Code     0  startup_stm32f40xx.o(.text)
    UART5_IRQHandler                         0x0800025b   Thumb Code     0  startup_stm32f40xx.o(.text)
    USART1_IRQHandler                        0x0800025b   Thumb Code     0  startup_stm32f40xx.o(.text)
    USART2_IRQHandler                        0x0800025b   Thumb Code     0  startup_stm32f40xx.o(.text)
    USART3_IRQHandler                        0x0800025b   Thumb Code     0  startup_stm32f40xx.o(.text)
    USART6_IRQHandler                        0x0800025b   Thumb Code     0  startup_stm32f40xx.o(.text)
    WWDG_IRQHandler                          0x0800025b   Thumb Code     0  startup_stm32f40xx.o(.text)
    __user_initial_stackheap                 0x0800025d   Thumb Code     0  startup_stm32f40xx.o(.text)
    fputc                                    0x080002ab   Thumb Code    14  fputc_debug.o(.text)
    _ttywrch                                 0x080002b9   Thumb Code    12  fputc_debug.o(.text)
    _sys_exit                                0x080002c5   Thumb Code     4  fputc_debug.o(.text)
    SysTick_Handler                          0x080003a7   Thumb Code    12  main.o(.text)
    main                                     0x080003b3   Thumb Code   148  main.o(.text)
    SystemInit                               0x0800055b   Thumb Code    88  system_stm32f4xx.o(.text)
    SystemCoreClockUpdate                    0x080005b3   Thumb Code   174  system_stm32f4xx.o(.text)
    init_pushbutton                          0x0800068d   Thumb Code    54  gpio_init.o(.text)
    init_leds                                0x080006c3   Thumb Code    54  gpio_init.o(.text)
    init_adc                                 0x080006f9   Thumb Code    70  gpio_init.o(.text)
    init_temp_sensor                         0x0800073f   Thumb Code    22  gpio_init.o(.text)
    init_moving_average                      0x08000761   Thumb Code    38  lab2_filter.o(.text)
    insert_value                             0x08000787   Thumb Code    30  lab2_filter.o(.text)
    calculate_average                        0x080007a5   Thumb Code   130  lab2_filter.o(.text)
    init_pwm                                 0x08000969   Thumb Code    14  lab2_pwm.o(.text)
    pwm_isr                                  0x08000977   Thumb Code    12  lab2_pwm.o(.text)
    rotate_led                               0x080009c7   Thumb Code   128  lab2_temp.o(.text)
    init_temp_reader                         0x08000a47   Thumb Code    30  lab2_temp.o(.text)
    read_temp                                0x08000a65   Thumb Code    96  lab2_temp.o(.text)
    ADC_DeInit                               0x08000add   Thumb Code    22  stm32f4xx_adc.o(.text)
    ADC_Init                                 0x08000af3   Thumb Code    74  stm32f4xx_adc.o(.text)
    ADC_StructInit                           0x08000b3d   Thumb Code    20  stm32f4xx_adc.o(.text)
    ADC_CommonInit                           0x08000b51   Thumb Code    44  stm32f4xx_adc.o(.text)
    ADC_CommonStructInit                     0x08000b7d   Thumb Code    12  stm32f4xx_adc.o(.text)
    ADC_Cmd                                  0x08000b89   Thumb Code    22  stm32f4xx_adc.o(.text)
    ADC_AnalogWatchdogCmd                    0x08000b9f   Thumb Code    16  stm32f4xx_adc.o(.text)
    ADC_AnalogWatchdogThresholdsConfig       0x08000baf   Thumb Code     6  stm32f4xx_adc.o(.text)
    ADC_AnalogWatchdogSingleChannelConfig    0x08000bb5   Thumb Code    16  stm32f4xx_adc.o(.text)
    ADC_TempSensorVrefintCmd                 0x08000bc5   Thumb Code    34  stm32f4xx_adc.o(.text)
    ADC_VBATCmd                              0x08000be7   Thumb Code    34  stm32f4xx_adc.o(.text)
    ADC_RegularChannelConfig                 0x08000c09   Thumb Code   184  stm32f4xx_adc.o(.text)
    ADC_SoftwareStartConv                    0x08000cc1   Thumb Code    10  stm32f4xx_adc.o(.text)
    ADC_GetSoftwareStartConvStatus           0x08000ccb   Thumb Code    20  stm32f4xx_adc.o(.text)
    ADC_EOCOnEachRegularChannelCmd           0x08000cdf   Thumb Code    22  stm32f4xx_adc.o(.text)
    ADC_ContinuousModeCmd                    0x08000cf5   Thumb Code    22  stm32f4xx_adc.o(.text)
    ADC_DiscModeChannelCountConfig           0x08000d0b   Thumb Code    24  stm32f4xx_adc.o(.text)
    ADC_DiscModeCmd                          0x08000d23   Thumb Code    22  stm32f4xx_adc.o(.text)
    ADC_GetConversionValue                   0x08000d39   Thumb Code     8  stm32f4xx_adc.o(.text)
    ADC_GetMultiModeConversionValue          0x08000d41   Thumb Code     6  stm32f4xx_adc.o(.text)
    ADC_DMACmd                               0x08000d47   Thumb Code    22  stm32f4xx_adc.o(.text)
    ADC_DMARequestAfterLastTransferCmd       0x08000d5d   Thumb Code    22  stm32f4xx_adc.o(.text)
    ADC_MultiModeDMARequestAfterLastTransferCmd 0x08000d73   Thumb Code    34  stm32f4xx_adc.o(.text)
    ADC_InjectedChannelConfig                0x08000d95   Thumb Code   130  stm32f4xx_adc.o(.text)
    ADC_InjectedSequencerLengthConfig        0x08000e17   Thumb Code    24  stm32f4xx_adc.o(.text)
    ADC_SetInjectedOffset                    0x08000e2f   Thumb Code    20  stm32f4xx_adc.o(.text)
    ADC_ExternalTrigInjectedConvConfig       0x08000e43   Thumb Code    16  stm32f4xx_adc.o(.text)
    ADC_ExternalTrigInjectedConvEdgeConfig   0x08000e53   Thumb Code    16  stm32f4xx_adc.o(.text)
    ADC_SoftwareStartInjectedConv            0x08000e63   Thumb Code    10  stm32f4xx_adc.o(.text)
    ADC_GetSoftwareStartInjectedConvCmdStatus 0x08000e6d   Thumb Code    20  stm32f4xx_adc.o(.text)
    ADC_AutoInjectedConvCmd                  0x08000e81   Thumb Code    22  stm32f4xx_adc.o(.text)
    ADC_InjectedDiscModeCmd                  0x08000e97   Thumb Code    22  stm32f4xx_adc.o(.text)
    ADC_GetInjectedConversionValue           0x08000ead   Thumb Code    28  stm32f4xx_adc.o(.text)
    ADC_ITConfig                             0x08000ec9   Thumb Code    60  stm32f4xx_adc.o(.text)
    ADC_GetFlagStatus                        0x08000f05   Thumb Code    18  stm32f4xx_adc.o(.text)
    ADC_ClearFlag                            0x08000f17   Thumb Code     6  stm32f4xx_adc.o(.text)
    ADC_GetITStatus                          0x08000f1d   Thumb Code    38  stm32f4xx_adc.o(.text)
    ADC_ClearITPendingBit                    0x08000f43   Thumb Code    10  stm32f4xx_adc.o(.text)
    GPIO_DeInit                              0x08000f4d   Thumb Code   220  stm32f4xx_gpio.o(.text)
    GPIO_Init                                0x08001029   Thumb Code   144  stm32f4xx_gpio.o(.text)
    GPIO_StructInit                          0x080010b9   Thumb Code    18  stm32f4xx_gpio.o(.text)
    GPIO_PinLockConfig                       0x080010cb   Thumb Code    34  stm32f4xx_gpio.o(.text)
    GPIO_ReadInputDataBit                    0x080010ed   Thumb Code    18  stm32f4xx_gpio.o(.text)
    GPIO_ReadInputData                       0x080010ff   Thumb Code     8  stm32f4xx_gpio.o(.text)
    GPIO_ReadOutputDataBit                   0x08001107   Thumb Code    18  stm32f4xx_gpio.o(.text)
    GPIO_ReadOutputData                      0x08001119   Thumb Code     8  stm32f4xx_gpio.o(.text)
    GPIO_SetBits                             0x08001121   Thumb Code     4  stm32f4xx_gpio.o(.text)
    GPIO_ResetBits                           0x08001125   Thumb Code     4  stm32f4xx_gpio.o(.text)
    GPIO_WriteBit                            0x08001129   Thumb Code    10  stm32f4xx_gpio.o(.text)
    GPIO_Write                               0x08001133   Thumb Code     4  stm32f4xx_gpio.o(.text)
    GPIO_ToggleBits                          0x08001137   Thumb Code     8  stm32f4xx_gpio.o(.text)
    GPIO_PinAFConfig                         0x0800113f   Thumb Code    70  stm32f4xx_gpio.o(.text)
    RCC_DeInit                               0x080011a9   Thumb Code    60  stm32f4xx_rcc.o(.text)
    RCC_HSEConfig                            0x080011e5   Thumb Code    14  stm32f4xx_rcc.o(.text)
    RCC_GetFlagStatus                        0x080011f3   Thumb Code    60  stm32f4xx_rcc.o(.text)
    RCC_WaitForHSEStartUp                    0x0800122f   Thumb Code    56  stm32f4xx_rcc.o(.text)
    RCC_AdjustHSICalibrationValue            0x08001267   Thumb Code    20  stm32f4xx_rcc.o(.text)
    RCC_HSICmd                               0x0800127b   Thumb Code     6  stm32f4xx_rcc.o(.text)
    RCC_LSEConfig                            0x08001281   Thumb Code    46  stm32f4xx_rcc.o(.text)
    RCC_LSICmd                               0x080012af   Thumb Code     6  stm32f4xx_rcc.o(.text)
    RCC_PLLConfig                            0x080012b5   Thumb Code    32  stm32f4xx_rcc.o(.text)
    RCC_PLLCmd                               0x080012d5   Thumb Code     6  stm32f4xx_rcc.o(.text)
    RCC_PLLI2SConfig                         0x080012db   Thumb Code    14  stm32f4xx_rcc.o(.text)
    RCC_PLLI2SCmd                            0x080012e9   Thumb Code     6  stm32f4xx_rcc.o(.text)
    RCC_ClockSecuritySystemCmd               0x080012ef   Thumb Code     6  stm32f4xx_rcc.o(.text)
    RCC_MCO1Config                           0x080012f5   Thumb Code    28  stm32f4xx_rcc.o(.text)
    RCC_MCO2Config                           0x08001311   Thumb Code    28  stm32f4xx_rcc.o(.text)
    RCC_SYSCLKConfig                         0x0800132d   Thumb Code    20  stm32f4xx_rcc.o(.text)
    RCC_GetSYSCLKSource                      0x08001341   Thumb Code    12  stm32f4xx_rcc.o(.text)
    RCC_HCLKConfig                           0x0800134d   Thumb Code    20  stm32f4xx_rcc.o(.text)
    RCC_PCLK1Config                          0x08001361   Thumb Code    20  stm32f4xx_rcc.o(.text)
    RCC_PCLK2Config                          0x08001375   Thumb Code    22  stm32f4xx_rcc.o(.text)
    RCC_GetClocksFreq                        0x0800138b   Thumb Code   222  stm32f4xx_rcc.o(.text)
    RCC_RTCCLKConfig                         0x08001469   Thumb Code    54  stm32f4xx_rcc.o(.text)
    RCC_RTCCLKCmd                            0x0800149f   Thumb Code     8  stm32f4xx_rcc.o(.text)
    RCC_BackupResetCmd                       0x080014a7   Thumb Code     8  stm32f4xx_rcc.o(.text)
    RCC_I2SCLKConfig                         0x080014af   Thumb Code     6  stm32f4xx_rcc.o(.text)
    RCC_AHB1PeriphClockCmd                   0x080014b5   Thumb Code    34  stm32f4xx_rcc.o(.text)
    RCC_AHB2PeriphClockCmd                   0x080014d7   Thumb Code    34  stm32f4xx_rcc.o(.text)
    RCC_AHB3PeriphClockCmd                   0x080014f9   Thumb Code    34  stm32f4xx_rcc.o(.text)
    RCC_APB1PeriphClockCmd                   0x0800151b   Thumb Code    34  stm32f4xx_rcc.o(.text)
    RCC_APB2PeriphClockCmd                   0x0800153d   Thumb Code    34  stm32f4xx_rcc.o(.text)
    RCC_AHB1PeriphResetCmd                   0x0800155f   Thumb Code    34  stm32f4xx_rcc.o(.text)
    RCC_AHB2PeriphResetCmd                   0x08001581   Thumb Code    72  stm32f4xx_rcc.o(.text)
    RCC_AHB3PeriphResetCmd                   0x080015c9   Thumb Code    34  stm32f4xx_rcc.o(.text)
    RCC_APB1PeriphResetCmd                   0x080015eb   Thumb Code    34  stm32f4xx_rcc.o(.text)
    RCC_APB2PeriphResetCmd                   0x0800160d   Thumb Code    34  stm32f4xx_rcc.o(.text)
    RCC_AHB1PeriphClockLPModeCmd             0x0800162f   Thumb Code    34  stm32f4xx_rcc.o(.text)
    RCC_AHB2PeriphClockLPModeCmd             0x08001651   Thumb Code    34  stm32f4xx_rcc.o(.text)
    RCC_AHB3PeriphClockLPModeCmd             0x08001673   Thumb Code    34  stm32f4xx_rcc.o(.text)
    RCC_APB1PeriphClockLPModeCmd             0x08001695   Thumb Code    34  stm32f4xx_rcc.o(.text)
    RCC_APB2PeriphClockLPModeCmd             0x080016b7   Thumb Code    34  stm32f4xx_rcc.o(.text)
    RCC_ITConfig                             0x080016d9   Thumb Code    34  stm32f4xx_rcc.o(.text)
    RCC_ClearFlag                            0x080016fb   Thumb Code    18  stm32f4xx_rcc.o(.text)
    RCC_GetITStatus                          0x0800170d   Thumb Code    22  stm32f4xx_rcc.o(.text)
    RCC_ClearITPendingBit                    0x08001723   Thumb Code     8  stm32f4xx_rcc.o(.text)
    __I$use$semihosting                      0x08001731   Thumb Code     0  use_no_semi.o(.text)
    __use_no_semihosting_swi                 0x08001731   Thumb Code     2  use_no_semi.o(.text)
    __2printf                                0x08001735   Thumb Code    20  noretval__2printf.o(.text)
    __printf                                 0x0800174d   Thumb Code   104  __printf.o(.text)
    __aeabi_memcpy4                          0x080017b5   Thumb Code     0  rt_memcpy_w.o(.text)
    __aeabi_memcpy8                          0x080017b5   Thumb Code     0  rt_memcpy_w.o(.text)
    __rt_memcpy_w                            0x080017b5   Thumb Code   100  rt_memcpy_w.o(.text)
    _memcpy_lastbytes_aligned                0x080017fd   Thumb Code     0  rt_memcpy_w.o(.text)
    __use_two_region_memory                  0x08001819   Thumb Code     2  heapauxi.o(.text)
    __rt_heap_escrow$2region                 0x0800181b   Thumb Code     2  heapauxi.o(.text)
    __rt_heap_expand$2region                 0x0800181d   Thumb Code     2  heapauxi.o(.text)
    __read_errno                             0x0800181f   Thumb Code    10  _rserrno.o(.text)
    __set_errno                              0x08001829   Thumb Code    12  _rserrno.o(.text)
    __lib_sel_fp_printf                      0x08001835   Thumb Code     2  _printf_fp_dec.o(.text)
    _printf_fp_dec_real                      0x080019e1   Thumb Code   628  _printf_fp_dec.o(.text)
    _printf_char_file                        0x08001c55   Thumb Code    32  _printf_char_file.o(.text)
    __rt_locale                              0x08001c79   Thumb Code     8  rt_locale_intlibspace.o(.text)
    __aeabi_errno_addr                       0x08001c81   Thumb Code     8  rt_errno_addr_intlibspace.o(.text)
    __errno$intlibspace                      0x08001c81   Thumb Code     0  rt_errno_addr_intlibspace.o(.text)
    __rt_errno_addr$intlibspace              0x08001c81   Thumb Code     0  rt_errno_addr_intlibspace.o(.text)
    _ll_udiv10                               0x08001c89   Thumb Code   138  lludiv10.o(.text)
    _printf_char_common                      0x08001d1f   Thumb Code    32  _printf_char_common.o(.text)
    _printf_fp_infnan                        0x08001d45   Thumb Code   112  _printf_fp_infnan.o(.text)
    _btod_etento                             0x08001dc5   Thumb Code   222  bigflt0.o(.text)
    ferror                                   0x08001ea9   Thumb Code     8  ferror.o(.text)
    __user_libspace                          0x08001eb1   Thumb Code     8  libspace.o(.text)
    __user_perproc_libspace                  0x08001eb1   Thumb Code     0  libspace.o(.text)
    __user_perthread_libspace                0x08001eb1   Thumb Code     0  libspace.o(.text)
    __user_setup_stackheap                   0x08001eb9   Thumb Code    74  sys_stackheap_outer.o(.text)
    exit                                     0x08001f03   Thumb Code    12  exit.o(.text)
    strcmp                                   0x08001f11   Thumb Code   128  strcmpv7m.o(.text)
    _btod_d2e                                0x08001f91   Thumb Code    62  btod.o(CL$$btod_d2e)
    _d2e_denorm_low                          0x08001fcf   Thumb Code    70  btod.o(CL$$btod_d2e_denorm_low)
    _d2e_norm_op1                            0x08002015   Thumb Code    96  btod.o(CL$$btod_d2e_norm_op1)
    __btod_div_common                        0x08002075   Thumb Code   696  btod.o(CL$$btod_div_common)
    _e2e                                     0x080023ad   Thumb Code   198  btod.o(CL$$btod_e2e)
    _btod_ediv                               0x08002473   Thumb Code    40  btod.o(CL$$btod_ediv)
    _btod_emul                               0x0800249b   Thumb Code    40  btod.o(CL$$btod_emul)
    __btod_mult_common                       0x080024c3   Thumb Code   580  btod.o(CL$$btod_mult_common)
    __ARM_fpclassify                         0x08002707   Thumb Code    48  fpclassify.o(i.__ARM_fpclassify)
    __hardfp_pow                             0x08002739   Thumb Code  3132  pow.o(i.__hardfp_pow)
    __kernel_poly                            0x080033c9   Thumb Code   248  poly.o(i.__kernel_poly)
    __mathlib_dbl_underflow                  0x080034c1   Thumb Code    24  dunder.o(i.__mathlib_dbl_underflow)
    fabs                                     0x080034e1   Thumb Code    32  fabs.o(i.fabs)
    sqrt                                     0x08003501   Thumb Code   110  sqrt.o(i.sqrt)
    _get_lc_numeric                          0x08003571   Thumb Code    44  lc_numeric_c.o(locale$$code)
    __aeabi_dneg                             0x0800359d   Thumb Code     0  basic.o(x$fpl$basic)
    _dneg                                    0x0800359d   Thumb Code     6  basic.o(x$fpl$basic)
    __aeabi_fneg                             0x080035a3   Thumb Code     0  basic.o(x$fpl$basic)
    _fneg                                    0x080035a3   Thumb Code     6  basic.o(x$fpl$basic)
    _dabs                                    0x080035a9   Thumb Code     6  basic.o(x$fpl$basic)
    _fabs                                    0x080035af   Thumb Code     6  basic.o(x$fpl$basic)
    __aeabi_d2f                              0x080035b5   Thumb Code     0  d2f.o(x$fpl$d2f)
    _d2f                                     0x080035b5   Thumb Code    98  d2f.o(x$fpl$d2f)
    __aeabi_dadd                             0x08003619   Thumb Code     0  daddsub_clz.o(x$fpl$dadd)
    _dadd                                    0x08003619   Thumb Code   332  daddsub_clz.o(x$fpl$dadd)
    __fpl_dcheck_NaN1                        0x08003769   Thumb Code    10  dcheck1.o(x$fpl$dcheck1)
    __fpl_dcmp_Inf                           0x08003779   Thumb Code    24  dcmpi.o(x$fpl$dcmpinf)
    __aeabi_ddiv                             0x08003791   Thumb Code     0  ddiv.o(x$fpl$ddiv)
    _ddiv                                    0x08003791   Thumb Code   552  ddiv.o(x$fpl$ddiv)
    __aeabi_i2d                              0x08003a41   Thumb Code     0  dflt_clz.o(x$fpl$dflt)
    _dflt                                    0x08003a41   Thumb Code    46  dflt_clz.o(x$fpl$dflt)
    __aeabi_ui2d                             0x08003a6f   Thumb Code     0  dflt_clz.o(x$fpl$dfltu)
    _dfltu                                   0x08003a6f   Thumb Code    38  dflt_clz.o(x$fpl$dfltu)
    __aeabi_cdcmple                          0x08003a95   Thumb Code     0  dleqf.o(x$fpl$dleqf)
    _dcmple                                  0x08003a95   Thumb Code   120  dleqf.o(x$fpl$dleqf)
    __fpl_dcmple_InfNaN                      0x08003af7   Thumb Code     0  dleqf.o(x$fpl$dleqf)
    __aeabi_dmul                             0x08003b0d   Thumb Code     0  dmul.o(x$fpl$dmul)
    _dmul                                    0x08003b0d   Thumb Code   332  dmul.o(x$fpl$dmul)
    __fpl_dnaninf                            0x08003c61   Thumb Code   156  dnaninf.o(x$fpl$dnaninf)
    __fpl_dretinf                            0x08003cfd   Thumb Code    12  dretinf.o(x$fpl$dretinf)
    __aeabi_cdrcmple                         0x08003d09   Thumb Code     0  drleqf.o(x$fpl$drleqf)
    _drcmple                                 0x08003d09   Thumb Code   108  drleqf.o(x$fpl$drleqf)
    __aeabi_drsub                            0x08003d75   Thumb Code     0  daddsub_clz.o(x$fpl$drsb)
    _drsb                                    0x08003d75   Thumb Code    22  daddsub_clz.o(x$fpl$drsb)
    _dsqrt                                   0x08003d8d   Thumb Code   404  dsqrt_umaal.o(x$fpl$dsqrt)
    __aeabi_dsub                             0x08003f25   Thumb Code     0  daddsub_clz.o(x$fpl$dsub)
    _dsub                                    0x08003f25   Thumb Code   464  daddsub_clz.o(x$fpl$dsub)
    __aeabi_f2d                              0x080040f9   Thumb Code     0  f2d.o(x$fpl$f2d)
    _f2d                                     0x080040f9   Thumb Code    86  f2d.o(x$fpl$f2d)
    __fpl_fnaninf                            0x0800414f   Thumb Code   140  fnaninf.o(x$fpl$fnaninf)
    _fp_init                                 0x080041db   Thumb Code    10  fpinit.o(x$fpl$fpinit)
    __fplib_config_fpu_vfp                   0x080041e3   Thumb Code     0  fpinit.o(x$fpl$fpinit)
    __fplib_config_pureend_doubles           0x080041e3   Thumb Code     0  fpinit.o(x$fpl$fpinit)
    __fpl_fretinf                            0x080041e5   Thumb Code    10  fretinf.o(x$fpl$fretinf)
    _printf_fp_dec                           0x080041ef   Thumb Code     4  printf1.o(x$fpl$printf1)
    __fpl_return_NaN                         0x080041f3   Thumb Code   100  retnan.o(x$fpl$retnan)
    __ARM_scalbn                             0x08004257   Thumb Code    92  scalbn.o(x$fpl$scalbn)
    __fpl_cmpreturn                          0x080042b3   Thumb Code    48  trapv.o(x$fpl$trapveneer)
    __I$use$fp                               0x080042e2   Number         0  usenofp.o(x$fpl$usenofp)
    __mathlib_zero                           0x08004370   Data           8  qnan.o(.constdata)
    Region$$Table$$Base                      0x0800440c   Number         0  anon$$obj.o(Region$$Table)
    Region$$Table$$Limit                     0x0800442c   Number         0  anon$$obj.o(Region$$Table)
    __stdout                                 0x20000000   Data           4  fputc_debug.o(.data)
    __stdin                                  0x20000004   Data           4  fputc_debug.o(.data)
    ticks                                    0x20000008   Data           4  main.o(.data)
    mode                                     0x2000000c   Data           4  main.o(.data)
    button_count                             0x20000010   Data           4  main.o(.data)
    desired_button_count                     0x20000014   Data           4  main.o(.data)
    SystemCoreClock                          0x20000018   Data           4  system_stm32f4xx.o(.data)
    AHBPrescTable                            0x2000001c   Data          16  system_stm32f4xx.o(.data)
    __libspace_start                         0x2000003c   Data          96  libspace.o(.bss)
    __temporary_stack_top$libspace           0x2000009c   Data           0  libspace.o(.bss)



==============================================================================

Memory Map of the image

  Image Entry point : 0x08000189

  Load Region LR_IROM1 (Base: 0x08000000, Size: 0x00004484, Max: 0x00100000, ABSOLUTE)

    Execution Region ER_IROM1 (Base: 0x08000000, Size: 0x00004448, Max: 0x00100000, ABSOLUTE)

    Base Addr    Size         Type   Attr      Idx    E Section Name        Object

    0x08000000   0x00000188   Data   RO            3    RESET               startup_stm32f40xx.o
    0x08000188   0x00000008   Code   RO          985  * !!!main             c_w.l(__main.o)
    0x08000190   0x00000034   Code   RO         1284    !!!scatter          c_w.l(__scatter.o)
    0x080001c4   0x0000001a   Code   RO         1286    !!handler_copy      c_w.l(__scatter_copy.o)
    0x080001de   0x00000002   PAD
    0x080001e0   0x0000001c   Code   RO         1288    !!handler_zi        c_w.l(__scatter_zi.o)
    0x080001fc   0x00000000   Code   RO          980    .ARM.Collect$$_printf_percent$$00000000  c_w.l(_printf_percent.o)
    0x080001fc   0x00000006   Code   RO          979    .ARM.Collect$$_printf_percent$$00000003  c_w.l(_printf_f.o)
    0x08000202   0x00000004   Code   RO         1030    .ARM.Collect$$_printf_percent$$00000017  c_w.l(_printf_percent_end.o)
    0x08000206   0x00000002   Code   RO         1160    .ARM.Collect$$libinit$$00000000  c_w.l(libinit.o)
    0x08000208   0x00000004   Code   RO         1161    .ARM.Collect$$libinit$$00000001  c_w.l(libinit2.o)
    0x0800020c   0x00000000   Code   RO         1165    .ARM.Collect$$libinit$$00000008  c_w.l(libinit2.o)
    0x0800020c   0x00000000   Code   RO         1167    .ARM.Collect$$libinit$$0000000A  c_w.l(libinit2.o)
    0x0800020c   0x00000000   Code   RO         1169    .ARM.Collect$$libinit$$0000000C  c_w.l(libinit2.o)
    0x0800020c   0x00000006   Code   RO         1170    .ARM.Collect$$libinit$$0000000D  c_w.l(libinit2.o)
    0x08000212   0x00000000   Code   RO         1172    .ARM.Collect$$libinit$$0000000F  c_w.l(libinit2.o)
    0x08000212   0x00000000   Code   RO         1174    .ARM.Collect$$libinit$$00000011  c_w.l(libinit2.o)
    0x08000212   0x00000000   Code   RO         1176    .ARM.Collect$$libinit$$00000013  c_w.l(libinit2.o)
    0x08000212   0x0000000a   Code   RO         1177    .ARM.Collect$$libinit$$00000014  c_w.l(libinit2.o)
    0x0800021c   0x00000000   Code   RO         1178    .ARM.Collect$$libinit$$00000015  c_w.l(libinit2.o)
    0x0800021c   0x00000000   Code   RO         1180    .ARM.Collect$$libinit$$00000017  c_w.l(libinit2.o)
    0x0800021c   0x00000000   Code   RO         1182    .ARM.Collect$$libinit$$00000019  c_w.l(libinit2.o)
    0x0800021c   0x00000000   Code   RO         1184    .ARM.Collect$$libinit$$0000001B  c_w.l(libinit2.o)
    0x0800021c   0x00000000   Code   RO         1186    .ARM.Collect$$libinit$$0000001D  c_w.l(libinit2.o)
    0x0800021c   0x00000000   Code   RO         1188    .ARM.Collect$$libinit$$0000001F  c_w.l(libinit2.o)
    0x0800021c   0x00000000   Code   RO         1190    .ARM.Collect$$libinit$$00000021  c_w.l(libinit2.o)
    0x0800021c   0x00000000   Code   RO         1192    .ARM.Collect$$libinit$$00000023  c_w.l(libinit2.o)
    0x0800021c   0x00000000   Code   RO         1196    .ARM.Collect$$libinit$$0000002A  c_w.l(libinit2.o)
    0x0800021c   0x00000000   Code   RO         1198    .ARM.Collect$$libinit$$0000002C  c_w.l(libinit2.o)
    0x0800021c   0x00000000   Code   RO         1200    .ARM.Collect$$libinit$$0000002E  c_w.l(libinit2.o)
    0x0800021c   0x00000000   Code   RO         1202    .ARM.Collect$$libinit$$00000030  c_w.l(libinit2.o)
    0x0800021c   0x00000002   Code   RO         1203    .ARM.Collect$$libinit$$00000031  c_w.l(libinit2.o)
    0x0800021e   0x00000002   Code   RO         1237    .ARM.Collect$$libshutdown$$00000000  c_w.l(libshutdown.o)
    0x08000220   0x00000000   Code   RO         1247    .ARM.Collect$$libshutdown$$00000003  c_w.l(libshutdown2.o)
    0x08000220   0x00000000   Code   RO         1250    .ARM.Collect$$libshutdown$$00000006  c_w.l(libshutdown2.o)
    0x08000220   0x00000000   Code   RO         1253    .ARM.Collect$$libshutdown$$00000009  c_w.l(libshutdown2.o)
    0x08000220   0x00000000   Code   RO         1255    .ARM.Collect$$libshutdown$$0000000B  c_w.l(libshutdown2.o)
    0x08000220   0x00000000   Code   RO         1258    .ARM.Collect$$libshutdown$$0000000E  c_w.l(libshutdown2.o)
    0x08000220   0x00000002   Code   RO         1259    .ARM.Collect$$libshutdown$$0000000F  c_w.l(libshutdown2.o)
    0x08000222   0x00000000   Code   RO         1023    .ARM.Collect$$rtentry$$00000000  c_w.l(rtentry.o)
    0x08000222   0x00000000   Code   RO         1074    .ARM.Collect$$rtentry$$00000002  c_w.l(rtentry2.o)
    0x08000222   0x00000006   Code   RO         1086    .ARM.Collect$$rtentry$$00000004  c_w.l(rtentry4.o)
    0x08000228   0x00000000   Code   RO         1076    .ARM.Collect$$rtentry$$00000009  c_w.l(rtentry2.o)
    0x08000228   0x00000004   Code   RO         1077    .ARM.Collect$$rtentry$$0000000A  c_w.l(rtentry2.o)
    0x0800022c   0x00000000   Code   RO         1079    .ARM.Collect$$rtentry$$0000000C  c_w.l(rtentry2.o)
    0x0800022c   0x00000008   Code   RO         1080    .ARM.Collect$$rtentry$$0000000D  c_w.l(rtentry2.o)
    0x08000234   0x00000002   Code   RO         1208    .ARM.Collect$$rtexit$$00000000  c_w.l(rtexit.o)
    0x08000236   0x00000000   Code   RO         1217    .ARM.Collect$$rtexit$$00000002  c_w.l(rtexit2.o)
    0x08000236   0x00000004   Code   RO         1218    .ARM.Collect$$rtexit$$00000003  c_w.l(rtexit2.o)
    0x0800023a   0x00000006   Code   RO         1219    .ARM.Collect$$rtexit$$00000004  c_w.l(rtexit2.o)
    0x08000240   0x00000040   Code   RO            4    .text               startup_stm32f40xx.o
    0x08000280   0x0000004c   Code   RO           12    .text               fputc_debug.o
    0x080002cc   0x000001b4   Code   RO          147    .text               main.o
    0x08000480   0x0000020c   Code   RO          205    .text               system_stm32f4xx.o
    0x0800068c   0x000000d4   Code   RO          235    .text               gpio_init.o
    0x08000760   0x000000dc   Code   RO          255    .text               lab2_filter.o
    0x0800083c   0x00000158   Code   RO          275    .text               lab2_pwm.o
    0x08000994   0x00000148   Code   RO          299    .text               lab2_temp.o
    0x08000adc   0x00000470   Code   RO          349    .text               stm32f4xx_adc.o
    0x08000f4c   0x0000025c   Code   RO          629    .text               stm32f4xx_gpio.o
    0x080011a8   0x00000588   Code   RO          769    .text               stm32f4xx_rcc.o
    0x08001730   0x00000002   Code   RO          951    .text               c_w.l(use_no_semi.o)
    0x08001732   0x00000002   PAD
    0x08001734   0x00000018   Code   RO          955    .text               c_w.l(noretval__2printf.o)
    0x0800174c   0x00000068   Code   RO          957    .text               c_w.l(__printf.o)
    0x080017b4   0x00000064   Code   RO          981    .text               c_w.l(rt_memcpy_w.o)
    0x08001818   0x00000006   Code   RO          983    .text               c_w.l(heapauxi.o)
    0x0800181e   0x00000016   Code   RO         1024    .text               c_w.l(_rserrno.o)
    0x08001834   0x00000420   Code   RO         1026    .text               c_w.l(_printf_fp_dec.o)
    0x08001c54   0x00000024   Code   RO         1028    .text               c_w.l(_printf_char_file.o)
    0x08001c78   0x00000008   Code   RO         1091    .text               c_w.l(rt_locale_intlibspace.o)
    0x08001c80   0x00000008   Code   RO         1096    .text               c_w.l(rt_errno_addr_intlibspace.o)
    0x08001c88   0x0000008a   Code   RO         1098    .text               c_w.l(lludiv10.o)
    0x08001d12   0x00000002   PAD
    0x08001d14   0x00000030   Code   RO         1100    .text               c_w.l(_printf_char_common.o)
    0x08001d44   0x00000080   Code   RO         1102    .text               c_w.l(_printf_fp_infnan.o)
    0x08001dc4   0x000000e4   Code   RO         1104    .text               c_w.l(bigflt0.o)
    0x08001ea8   0x00000008   Code   RO         1129    .text               c_w.l(ferror.o)
    0x08001eb0   0x00000008   Code   RO         1144    .text               c_w.l(libspace.o)
    0x08001eb8   0x0000004a   Code   RO         1147    .text               c_w.l(sys_stackheap_outer.o)
    0x08001f02   0x0000000c   Code   RO         1151    .text               c_w.l(exit.o)
    0x08001f0e   0x00000002   PAD
    0x08001f10   0x00000080   Code   RO         1153    .text               c_w.l(strcmpv7m.o)
    0x08001f90   0x0000003e   Code   RO         1107    CL$$btod_d2e        c_w.l(btod.o)
    0x08001fce   0x00000046   Code   RO         1109    CL$$btod_d2e_denorm_low  c_w.l(btod.o)
    0x08002014   0x00000060   Code   RO         1108    CL$$btod_d2e_norm_op1  c_w.l(btod.o)
    0x08002074   0x00000338   Code   RO         1117    CL$$btod_div_common  c_w.l(btod.o)
    0x080023ac   0x000000c6   Code   RO         1114    CL$$btod_e2e        c_w.l(btod.o)
    0x08002472   0x00000028   Code   RO         1111    CL$$btod_ediv       c_w.l(btod.o)
    0x0800249a   0x00000028   Code   RO         1110    CL$$btod_emul       c_w.l(btod.o)
    0x080024c2   0x00000244   Code   RO         1116    CL$$btod_mult_common  c_w.l(btod.o)
    0x08002706   0x00000030   Code   RO         1056    i.__ARM_fpclassify  m_wm.l(fpclassify.o)
    0x08002736   0x00000002   PAD
    0x08002738   0x00000c90   Code   RO         1009    i.__hardfp_pow      m_wm.l(pow.o)
    0x080033c8   0x000000f8   Code   RO         1058    i.__kernel_poly     m_wm.l(poly.o)
    0x080034c0   0x00000020   Code   RO         1048    i.__mathlib_dbl_underflow  m_wm.l(dunder.o)
    0x080034e0   0x00000020   Code   RO         1052    i.fabs              m_wm.l(fabs.o)
    0x08003500   0x0000006e   Code   RO         1063    i.sqrt              m_wm.l(sqrt.o)
    0x0800356e   0x00000002   PAD
    0x08003570   0x0000002c   Code   RO         1134    locale$$code        c_w.l(lc_numeric_c.o)
    0x0800359c   0x00000018   Code   RO         1031    x$fpl$basic         fz_wm.l(basic.o)
    0x080035b4   0x00000062   Code   RO          987    x$fpl$d2f           fz_wm.l(d2f.o)
    0x08003616   0x00000002   PAD
    0x08003618   0x00000150   Code   RO          989    x$fpl$dadd          fz_wm.l(daddsub_clz.o)
    0x08003768   0x00000010   Code   RO         1136    x$fpl$dcheck1       fz_wm.l(dcheck1.o)
    0x08003778   0x00000018   Code   RO         1204    x$fpl$dcmpinf       fz_wm.l(dcmpi.o)
    0x08003790   0x000002b0   Code   RO          996    x$fpl$ddiv          fz_wm.l(ddiv.o)
    0x08003a40   0x0000002e   Code   RO         1000    x$fpl$dflt          fz_wm.l(dflt_clz.o)
    0x08003a6e   0x00000026   Code   RO          999    x$fpl$dfltu         fz_wm.l(dflt_clz.o)
    0x08003a94   0x00000078   Code   RO         1138    x$fpl$dleqf         fz_wm.l(dleqf.o)
    0x08003b0c   0x00000154   Code   RO         1033    x$fpl$dmul          fz_wm.l(dmul.o)
    0x08003c60   0x0000009c   Code   RO         1035    x$fpl$dnaninf       fz_wm.l(dnaninf.o)
    0x08003cfc   0x0000000c   Code   RO         1037    x$fpl$dretinf       fz_wm.l(dretinf.o)
    0x08003d08   0x0000006c   Code   RO         1039    x$fpl$drleqf        fz_wm.l(drleqf.o)
    0x08003d74   0x00000016   Code   RO          990    x$fpl$drsb          fz_wm.l(daddsub_clz.o)
    0x08003d8a   0x00000002   PAD
    0x08003d8c   0x00000198   Code   RO         1140    x$fpl$dsqrt         fz_wm.l(dsqrt_umaal.o)
    0x08003f24   0x000001d4   Code   RO          991    x$fpl$dsub          fz_wm.l(daddsub_clz.o)
    0x080040f8   0x00000056   Code   RO         1005    x$fpl$f2d           fz_wm.l(f2d.o)
    0x0800414e   0x0000008c   Code   RO         1041    x$fpl$fnaninf       fz_wm.l(fnaninf.o)
    0x080041da   0x0000000a   Code   RO         1212    x$fpl$fpinit        fz_wm.l(fpinit.o)
    0x080041e4   0x0000000a   Code   RO         1043    x$fpl$fretinf       fz_wm.l(fretinf.o)
    0x080041ee   0x00000004   Code   RO         1007    x$fpl$printf1       fz_wm.l(printf1.o)
    0x080041f2   0x00000064   Code   RO         1206    x$fpl$retnan        fz_wm.l(retnan.o)
    0x08004256   0x0000005c   Code   RO         1045    x$fpl$scalbn        fz_wm.l(scalbn.o)
    0x080042b2   0x00000030   Code   RO         1214    x$fpl$trapveneer    fz_wm.l(trapv.o)
    0x080042e2   0x00000000   Code   RO         1047    x$fpl$usenofp       fz_wm.l(usenofp.o)
    0x080042e2   0x00000006   PAD
    0x080042e8   0x00000088   Data   RO         1012    .constdata          m_wm.l(pow.o)
    0x08004370   0x00000008   Data   RO         1060    .constdata          m_wm.l(qnan.o)
    0x08004378   0x00000094   Data   RO         1105    .constdata          c_w.l(bigflt0.o)
    0x0800440c   0x00000020   Data   RO         1282    Region$$Table       anon$$obj.o
    0x0800442c   0x0000001c   Data   RO         1133    locale$$data        c_w.l(lc_numeric_c.o)


    Execution Region RW_IRAM1 (Base: 0x20000000, Size: 0x000006a0, Max: 0x00020000, ABSOLUTE)

    Base Addr    Size         Type   Attr      Idx    E Section Name        Object

    0x20000000   0x00000008   Data   RW           13    .data               fputc_debug.o
    0x20000008   0x00000010   Data   RW          148    .data               main.o
    0x20000018   0x00000014   Data   RW          206    .data               system_stm32f4xx.o
    0x2000002c   0x00000010   Data   RW          770    .data               stm32f4xx_rcc.o
    0x2000003c   0x00000060   Zero   RW         1145    .bss                c_w.l(libspace.o)
    0x2000009c   0x00000004   PAD
    0x200000a0   0x00000200   Zero   RW            2    HEAP                startup_stm32f40xx.o
    0x200002a0   0x00000400   Zero   RW            1    STACK               startup_stm32f40xx.o


==============================================================================

Image component sizes


      Code (inc. data)   RO Data    RW Data    ZI Data      Debug   Object Name

        76          4          0          8          0     247633   fputc_debug.o
       212         12          0          0          0       1066   gpio_init.o
       220         22          0          0          0       1621   lab2_filter.o
       344         18          0          0          0       1547   lab2_pwm.o
       328         32          0          0          0       2472   lab2_temp.o
       436         58          0         16          0     250669   main.o
        64         26        392          0       1536        872   startup_stm32f40xx.o
      1136         28          0          0          0      10630   stm32f4xx_adc.o
       604         36          0          0          0       4201   stm32f4xx_gpio.o
      1416         48          0         16          0      11131   stm32f4xx_rcc.o
       524         44          0         20          0       1867   system_stm32f4xx.o

    ----------------------------------------------------------------------
      5360        328        424         60       1536     533709   Object Totals
         0          0         32          0          0          0   (incl. Generated)
         0          0          0          0          0          0   (incl. Padding)

    ----------------------------------------------------------------------

      Code (inc. data)   RO Data    RW Data    ZI Data      Debug   Library Member Name

         8          0          0          0          0         68   __main.o
       104          0          0          0          0         84   __printf.o
        52          8          0          0          0          0   __scatter.o
        26          0          0          0          0          0   __scatter_copy.o
        28          0          0          0          0          0   __scatter_zi.o
        48          6          0          0          0         96   _printf_char_common.o
        36          4          0          0          0         80   _printf_char_file.o
         6          0          0          0          0          0   _printf_f.o
      1056          0          0          0          0        216   _printf_fp_dec.o
       128         16          0          0          0         84   _printf_fp_infnan.o
         0          0          0          0          0          0   _printf_percent.o
         4          0          0          0          0          0   _printf_percent_end.o
        22          0          0          0          0        100   _rserrno.o
       228          6        148          0          0         96   bigflt0.o
      1910        128          0          0          0        672   btod.o
        12          0          0          0          0         72   exit.o
         8          0          0          0          0         68   ferror.o
         6          0          0          0          0        152   heapauxi.o
        44         10         28          0          0         76   lc_numeric_c.o
         2          0          0          0          0          0   libinit.o
        22          0          0          0          0          0   libinit2.o
         2          0          0          0          0          0   libshutdown.o
         2          0          0          0          0          0   libshutdown2.o
         8          4          0          0         96         68   libspace.o
       138          0          0          0          0         80   lludiv10.o
        24          4          0          0          0         84   noretval__2printf.o
         8          4          0          0          0         68   rt_errno_addr_intlibspace.o
         8          4          0          0          0         68   rt_locale_intlibspace.o
       100          0          0          0          0         80   rt_memcpy_w.o
         0          0          0          0          0          0   rtentry.o
        12          0          0          0          0          0   rtentry2.o
         6          0          0          0          0          0   rtentry4.o
         2          0          0          0          0          0   rtexit.o
        10          0          0          0          0          0   rtexit2.o
       128          0          0          0          0         68   strcmpv7m.o
        74          0          0          0          0         80   sys_stackheap_outer.o
         2          0          0          0          0         68   use_no_semi.o
        24          0          0          0          0        164   basic.o
        98          4          0          0          0        140   d2f.o
       826         16          0          0          0        492   daddsub_clz.o
        16          4          0          0          0        116   dcheck1.o
        24          0          0          0          0        116   dcmpi.o
       688        140          0          0          0        256   ddiv.o
        84          0          0          0          0        232   dflt_clz.o
       120          4          0          0          0        140   dleqf.o
       340         12          0          0          0        152   dmul.o
       156          4          0          0          0        140   dnaninf.o
        12          0          0          0          0        116   dretinf.o
       108          0          0          0          0        128   drleqf.o
       408         56          0          0          0        168   dsqrt_umaal.o
        86          4          0          0          0        132   f2d.o
       140          4          0          0          0        132   fnaninf.o
        10          0          0          0          0        116   fpinit.o
        10          0          0          0          0        116   fretinf.o
         4          0          0          0          0        116   printf1.o
       100          0          0          0          0        116   retnan.o
        92          0          0          0          0        116   scalbn.o
        48          0          0          0          0        116   trapv.o
         0          0          0          0          0          0   usenofp.o
        32          8          0          0          0        124   dunder.o
        32          0          0          0          0        124   fabs.o
        48          0          0          0          0        124   fpclassify.o
       248          0          0          0          0        152   poly.o
      3216        310        136          0          0        216   pow.o
         0          0          8          0          0          0   qnan.o
       110          0          0          0          0        148   sqrt.o

    ----------------------------------------------------------------------
     11376        760        320          0        100       6736   Library Totals
        22          0          0          0          4          0   (incl. Padding)

    ----------------------------------------------------------------------

      Code (inc. data)   RO Data    RW Data    ZI Data      Debug   Library Name

      4274        194        176          0         96       2528   c_w.l
      3394        248          0          0          0       3320   fz_wm.l
      3686        318        144          0          0        888   m_wm.l

    ----------------------------------------------------------------------
     11376        760        320          0        100       6736   Library Totals

    ----------------------------------------------------------------------

==============================================================================


      Code (inc. data)   RO Data    RW Data    ZI Data      Debug   

     16736       1088        744         60       1636     534089   Grand Totals
     16736       1088        744         60       1636     534089   ELF Image Totals
     16736       1088        744         60          0          0   ROM Totals

==============================================================================

    Total RO  Size (Code + RO Data)                17480 (  17.07kB)
    Total RW  Size (RW Data + ZI Data)              1696 (   1.66kB)
    Total ROM Size (Code + RO Data + RW Data)      17540 (  17.13kB)

==============================================================================

